◇ injected env (15) from ..\.env // tip: ⌘ enable debugging { debug: true }
[ABHA SERVICE] Live mode — connecting to ABDM Sandbox
[ABHA SERVICE] Gateway: https://dev.abdm.gov.in/gateway
[ABHA SERVICE] ABHA API: https://abhasbx.abdm.gov.in/abha/api
[DB] Lazily Initializing Prisma Client with PG Adapter (SSL Bypass)...
[DB] Running Self-Healing for nexus.tenants...
[DB] nexus.tenants schema self-healed successfully.
API running on http://localhost:4000
[AUDIT] 2026-08-08T15:06:19.834Z POST /api/auth/login
[AUTH] Login attempt for admin@hims-sys.com as nexus in domain-auto
[AUTH] Master credential bypass triggered for Nexus
[AUDIT] 2026-08-08T15:06:19.927Z GET /api/payroll/ensure
[TENANT] Request for: Rainbow Childrens Hospitals - Professional Ltd | Schema: apollo_hospitals | Header ID: apollo_hospitals
[AUDIT] 2026-08-08T15:06:21.426Z GET /api/hrms/ensure
[TENANT] Request for: Rainbow Childrens Hospitals - Professional Ltd | Schema: apollo_hospitals | Header ID: apollo_hospitals
[AUDIT] 2026-08-08T15:06:22.440Z GET /api/analytics/ensure
[TENANT] Request for: Rainbow Childrens Hospitals - Professional Ltd | Schema: apollo_hospitals | Header ID: apollo_hospitals
[AUDIT] 2026-08-08T15:06:23.414Z GET /api/procurement/ensure
[TENANT] Request for: Rainbow Childrens Hospitals - Professional Ltd | Schema: apollo_hospitals | Header ID: apollo_hospitals
[AUDIT] 2026-08-08T15:06:24.625Z GET /api/crm/ensure
[TENANT] Request for: Rainbow Childrens Hospitals - Professional Ltd | Schema: apollo_hospitals | Header ID: apollo_hospitals
[AUDIT] 2026-08-08T15:06:26.299Z GET /api/finance/ensure
[TENANT] Request for: Rainbow Childrens Hospitals - Professional Ltd | Schema: apollo_hospitals | Header ID: apollo_hospitals
[AUDIT] 2026-08-08T15:06:27.377Z GET /api/inventory/ensure
[TENANT] Request for: Rainbow Childrens Hospitals - Professional Ltd | Schema: apollo_hospitals | Header ID: apollo_hospitals
[AUDIT] 2026-08-08T15:06:38.652Z POST /api/auth/login
[AUTH] Login attempt for admin@hims-sys.com as nexus in domain-auto
[AUTH] Master credential bypass triggered for Nexus
[AUDIT] 2026-08-08T15:06:38.668Z GET /api/procurement/purchase-orders
[TENANT] Request for: Rainbow Childrens Hospitals - Professional Ltd | Schema: apollo_hospitals | Header ID: apollo_hospitals
[AUDIT] 2026-08-08T15:06:39.182Z GET /api/procurement/purchase-orders/
[TENANT] Request for: Rainbow Childrens Hospitals - Professional Ltd | Schema: apollo_hospitals | Header ID: apollo_hospitals
[AUDIT] 2026-08-08T15:06:39.410Z POST /api/procurement/purchase-orders//receive
[TENANT] Request for: Rainbow Childrens Hospitals - Professional Ltd | Schema: apollo_hospitals | Header ID: apollo_hospitals
[AUDIT] 2026-08-08T15:06:39.785Z POST /api/procurement/grn//qc
[TENANT] Request for: Rainbow Childrens Hospitals - Professional Ltd | Schema: apollo_hospitals | Header ID: apollo_hospitals
[AUDIT] 2026-08-08T15:06:39.950Z POST /api/procurement/grn//match
[TENANT] Request for: Rainbow Childrens Hospitals - Professional Ltd | Schema: apollo_hospitals | Header ID: apollo_hospitals
[AUDIT] 2026-08-08T15:06:57.231Z POST /api/auth/login
[AUTH] Login attempt for admin@hims-sys.com as nexus in domain-auto
[AUTH] Master credential bypass triggered for Nexus
[AUDIT] 2026-08-08T15:06:57.257Z POST /api/procurement/rate-contracts
[TENANT] Request for: Rainbow Childrens Hospitals - Professional Ltd | Schema: apollo_hospitals | Header ID: apollo_hospitals
[AUDIT] 2026-08-08T15:06:57.738Z POST /api/procurement/requisitions
[TENANT] Request for: Rainbow Childrens Hospitals - Professional Ltd | Schema: apollo_hospitals | Header ID: apollo_hospitals
[AUDIT] 2026-08-08T15:06:58.017Z POST /api/procurement/requisitions/482ed974-dd7d-4a99-aa5a-1b7d8e8d6e3e/approve
[TENANT] Request for: Rainbow Childrens Hospitals - Professional Ltd | Schema: apollo_hospitals | Header ID: apollo_hospitals
[AUDIT] 2026-08-08T15:06:58.201Z POST /api/procurement/requisitions/482ed974-dd7d-4a99-aa5a-1b7d8e8d6e3e/convert
[TENANT] Request for: Rainbow Childrens Hospitals - Professional Ltd | Schema: apollo_hospitals | Header ID: apollo_hospitals
[AUDIT] 2026-08-08T15:07:08.991Z POST /api/auth/login
[AUTH] Login attempt for admin@hims-sys.com as nexus in domain-auto
[AUTH] Master credential bypass triggered for Nexus
[AUDIT] 2026-08-08T15:07:09.024Z POST /api/procurement/purchase-orders/c4711e5e-f417-481d-8a10-2ba98b5bc1ee/receive
[TENANT] Request for: Rainbow Childrens Hospitals - Professional Ltd | Schema: apollo_hospitals | Header ID: apollo_hospitals
[AUDIT] 2026-08-08T15:07:09.712Z POST /api/procurement/grn/2e86120a-7b9d-4b6e-969b-fba40ff8f198/qc
[TENANT] Request for: Rainbow Childrens Hospitals - Professional Ltd | Schema: apollo_hospitals | Header ID: apollo_hospitals
[AUDIT] 2026-08-08T15:07:10.058Z POST /api/procurement/grn/2e86120a-7b9d-4b6e-969b-fba40ff8f198/match
[TENANT] Request for: Rainbow Childrens Hospitals - Professional Ltd | Schema: apollo_hospitals | Header ID: apollo_hospitals
[AUDIT] 2026-08-08T15:07:21.966Z POST /api/auth/login
[AUTH] Login attempt for admin@hims-sys.com as nexus in domain-auto
[AUTH] Master credential bypass triggered for Nexus
[AUDIT] 2026-08-08T15:07:21.991Z POST /api/finance/packages
[TENANT] Request for: Rainbow Childrens Hospitals - Professional Ltd | Schema: apollo_hospitals | Header ID: apollo_hospitals
[AUDIT] 2026-08-08T15:07:22.511Z POST /api/finance/packages/768502a8-9a22-4e03-9f94-f85b94e66c1b/components
[TENANT] Request for: Rainbow Childrens Hospitals - Professional Ltd | Schema: apollo_hospitals | Header ID: apollo_hospitals
[AUDIT] 2026-08-08T15:07:22.713Z POST /api/finance/package-bill
[TENANT] Request for: Rainbow Childrens Hospitals - Professional Ltd | Schema: apollo_hospitals | Header ID: apollo_hospitals
[AUDIT] 2026-08-08T15:07:23.081Z POST /api/inventory/indents
[TENANT] Request for: Rainbow Childrens Hospitals - Professional Ltd | Schema: apollo_hospitals | Header ID: apollo_hospitals
[AUDIT] 2026-08-08T15:07:23.633Z POST /api/inventory/indents/f5685977-f87b-4a74-95b5-e27bb0c3e67d/approve
[TENANT] Request for: Rainbow Childrens Hospitals - Professional Ltd | Schema: apollo_hospitals | Header ID: apollo_hospitals
[AUDIT] 2026-08-08T15:07:23.824Z GET /api/inventory/dashboard
[TENANT] Request for: Rainbow Childrens Hospitals - Professional Ltd | Schema: apollo_hospitals | Header ID: apollo_hospitals
[AUDIT] 2026-08-08T15:11:13.440Z GET /api/nexus/tenants/public
[NEXUS] Checking Registry Schema...
[NEXUS] Registry contains 6 tenants.
[NEXUS] Registry Schema is synchronized.
[AUDIT] 2026-08-08T15:11:14.807Z GET /api/nexus/tenants/public
[NEXUS] Checking Registry Schema...
[NEXUS] Registry contains 6 tenants.
[NEXUS] Registry Schema is synchronized.
[AUDIT] 2026-08-08T15:11:18.130Z POST /api/auth/login
[AUTH] Login attempt for admin@hims-sys.com as tenant in 0edcbcd2-d8b8-4e30-a602-5ea13c1fd459
[AUTH_DEBUG] User role from users table: "admin", schema: "apollo_hospitals"
[AUTH_DEBUG] Found role in rbac_roles: "ADMIN" (ID: 7e4f9722-9094-4635-9be4-825704762cc8)
[AUTH_DEBUG] Plan: professional, allowed tiers: [basic, standard, professional]
[AUTH_DEBUG] Authorized menus count: 30 for roleId: 7e4f9722-9094-4635-9be4-825704762cc8
[AUDIT] 2026-08-08T15:11:20.411Z GET /api/hospital/metrics/stats
[AUDIT] 2026-08-08T15:11:20.416Z GET /api/hospital/encounters?status=Active&todayOnly=true
[TENANT] Request for: Rainbow Childrens Hospitals - Professional Ltd | Schema: apollo_hospitals | Header ID: 0edcbcd2-d8b8-4e30-a602-5ea13c1fd459
[TENANT] Request for: Rainbow Childrens Hospitals - Professional Ltd | Schema: apollo_hospitals | Header ID: 0edcbcd2-d8b8-4e30-a602-5ea13c1fd459
[AUDIT] 2026-08-08T15:11:21.246Z GET /api/hospital/encounters?status=Active&todayOnly=true
[TENANT] Request for: Rainbow Childrens Hospitals - Professional Ltd | Schema: apollo_hospitals | Header ID: 0edcbcd2-d8b8-4e30-a602-5ea13c1fd459
[AUDIT] 2026-08-08T15:11:21.951Z GET /api/hospital/metrics/stats
[TENANT] Request for: Rainbow Childrens Hospitals - Professional Ltd | Schema: apollo_hospitals | Header ID: 0edcbcd2-d8b8-4e30-a602-5ea13c1fd459
[AUDIT] 2026-08-08T15:11:35.427Z GET /api/hospital/encounters?status=Active&todayOnly=true
[TENANT] Request for: Rainbow Childrens Hospitals - Professional Ltd | Schema: apollo_hospitals | Header ID: 0edcbcd2-d8b8-4e30-a602-5ea13c1fd459
[AUDIT] 2026-08-08T15:11:45.459Z GET /api/nexus/tenants/public
[NEXUS] Checking Registry Schema...
[NEXUS] Registry contains 6 tenants.
[NEXUS] Registry Schema is synchronized.
[AUDIT] 2026-08-08T15:11:46.280Z GET /api/nexus/tenants/public
[NEXUS] Checking Registry Schema...
[NEXUS] Registry contains 6 tenants.
[NEXUS] Registry Schema is synchronized.
[AUDIT] 2026-08-08T15:11:47.954Z POST /api/auth/login
[AUTH] Login attempt for admin@hims-sys.com as tenant in 0edcbcd2-d8b8-4e30-a602-5ea13c1fd459
[AUTH_DEBUG] User role from users table: "admin", schema: "apollo_hospitals"
[AUTH_DEBUG] Found role in rbac_roles: "ADMIN" (ID: 7e4f9722-9094-4635-9be4-825704762cc8)
[AUTH_DEBUG] Plan: professional, allowed tiers: [basic, standard, professional]
[AUTH_DEBUG] Authorized menus count: 30 for roleId: 7e4f9722-9094-4635-9be4-825704762cc8
[AUDIT] 2026-08-08T15:11:49.533Z GET /api/hospital/metrics/stats
[AUDIT] 2026-08-08T15:11:49.539Z GET /api/hospital/encounters?status=Active&todayOnly=true
[TENANT] Request for: Rainbow Childrens Hospitals - Professional Ltd | Schema: apollo_hospitals | Header ID: 0edcbcd2-d8b8-4e30-a602-5ea13c1fd459
[TENANT] Request for: Rainbow Childrens Hospitals - Professional Ltd | Schema: apollo_hospitals | Header ID: 0edcbcd2-d8b8-4e30-a602-5ea13c1fd459
[AUDIT] 2026-08-08T15:11:50.222Z GET /api/hospital/encounters?status=Active&todayOnly=true
[TENANT] Request for: Rainbow Childrens Hospitals - Professional Ltd | Schema: apollo_hospitals | Header ID: 0edcbcd2-d8b8-4e30-a602-5ea13c1fd459
[AUDIT] 2026-08-08T15:11:50.913Z GET /api/hospital/metrics/stats
[TENANT] Request for: Rainbow Childrens Hospitals - Professional Ltd | Schema: apollo_hospitals | Header ID: 0edcbcd2-d8b8-4e30-a602-5ea13c1fd459
[AUDIT] 2026-08-08T15:11:57.031Z GET /api/hrms/staff
[AUDIT] 2026-08-08T15:11:57.054Z GET /api/hrms/shifts
[AUDIT] 2026-08-08T15:11:57.074Z GET /api/hrms/swaps
[AUDIT] 2026-08-08T15:11:57.082Z GET /api/hrms/credentials
[TENANT] Request for: Rainbow Childrens Hospitals - Professional Ltd | Schema: apollo_hospitals | Header ID: 0edcbcd2-d8b8-4e30-a602-5ea13c1fd459
[TENANT] Request for: Rainbow Childrens Hospitals - Professional Ltd | Schema: apollo_hospitals | Header ID: 0edcbcd2-d8b8-4e30-a602-5ea13c1fd459
[AUDIT] 2026-08-08T15:11:57.111Z GET /api/hrms/privileges
[AUDIT] 2026-08-08T15:11:57.117Z GET /api/hrms/analytics
[TENANT] Request for: Rainbow Childrens Hospitals - Professional Ltd | Schema: apollo_hospitals | Header ID: 0edcbcd2-d8b8-4e30-a602-5ea13c1fd459
[TENANT] Request for: Rainbow Childrens Hospitals - Professional Ltd | Schema: apollo_hospitals | Header ID: 0edcbcd2-d8b8-4e30-a602-5ea13c1fd459
[TENANT] Request for: Rainbow Childrens Hospitals - Professional Ltd | Schema: apollo_hospitals | Header ID: 0edcbcd2-d8b8-4e30-a602-5ea13c1fd459
[TENANT] Request for: Rainbow Childrens Hospitals - Professional Ltd | Schema: apollo_hospitals | Header ID: 0edcbcd2-d8b8-4e30-a602-5ea13c1fd459
[AUDIT] 2026-08-08T15:11:57.330Z GET /api/hrms/roster?date=2026-08-08
[AUDIT] 2026-08-08T15:11:57.344Z GET /api/hrms/attendance?date=2026-08-08
[AUDIT] 2026-08-08T15:11:57.390Z GET /api/hrms/oncall?date=2026-08-08
[AUDIT] 2026-08-08T15:11:57.394Z GET /api/hrms/staff
[TENANT] Request for: Rainbow Childrens Hospitals - Professional Ltd | Schema: apollo_hospitals | Header ID: 0edcbcd2-d8b8-4e30-a602-5ea13c1fd459
[TENANT] Request for: Rainbow Childrens Hospitals - Professional Ltd | Schema: apollo_hospitals | Header ID: 0edcbcd2-d8b8-4e30-a602-5ea13c1fd459
[AUDIT] 2026-08-08T15:11:57.439Z GET /api/hrms/shifts
[AUDIT] 2026-08-08T15:11:57.508Z GET /api/hrms/credentials
[TENANT] Request for: Rainbow Childrens Hospitals - Professional Ltd | Schema: apollo_hospitals | Header ID: 0edcbcd2-d8b8-4e30-a602-5ea13c1fd459
[TENANT] Request for: Rainbow Childrens Hospitals - Professional Ltd | Schema: apollo_hospitals | Header ID: 0edcbcd2-d8b8-4e30-a602-5ea13c1fd459
[TENANT] Request for: Rainbow Childrens Hospitals - Professional Ltd | Schema: apollo_hospitals | Header ID: 0edcbcd2-d8b8-4e30-a602-5ea13c1fd459
[TENANT] Request for: Rainbow Childrens Hospitals - Professional Ltd | Schema: apollo_hospitals | Header ID: 0edcbcd2-d8b8-4e30-a602-5ea13c1fd459
[AUDIT] 2026-08-08T15:11:57.725Z GET /api/hrms/swaps
[AUDIT] 2026-08-08T15:11:57.738Z GET /api/hrms/privileges
[AUDIT] 2026-08-08T15:11:57.771Z GET /api/hrms/analytics
[AUDIT] 2026-08-08T15:11:57.798Z GET /api/hrms/roster?date=2026-08-08
[TENANT] Request for: Rainbow Childrens Hospitals - Professional Ltd | Schema: apollo_hospitals | Header ID: 0edcbcd2-d8b8-4e30-a602-5ea13c1fd459
[TENANT] Request for: Rainbow Childrens Hospitals - Professional Ltd | Schema: apollo_hospitals | Header ID: 0edcbcd2-d8b8-4e30-a602-5ea13c1fd459
[AUDIT] 2026-08-08T15:11:57.840Z GET /api/hrms/attendance?date=2026-08-08
[TENANT] Request for: Rainbow Childrens Hospitals - Professional Ltd | Schema: apollo_hospitals | Header ID: 0edcbcd2-d8b8-4e30-a602-5ea13c1fd459
[AUDIT] 2026-08-08T15:11:57.859Z GET /api/hrms/oncall?date=2026-08-08
[TENANT] Request for: Rainbow Childrens Hospitals - Professional Ltd | Schema: apollo_hospitals | Header ID: 0edcbcd2-d8b8-4e30-a602-5ea13c1fd459
[TENANT] Request for: Rainbow Childrens Hospitals - Professional Ltd | Schema: apollo_hospitals | Header ID: 0edcbcd2-d8b8-4e30-a602-5ea13c1fd459
[TENANT] Request for: Rainbow Childrens Hospitals - Professional Ltd | Schema: apollo_hospitals | Header ID: 0edcbcd2-d8b8-4e30-a602-5ea13c1fd459
[AUDIT] 2026-08-08T15:12:01.905Z GET /api/payroll/runs
[AUDIT] 2026-08-08T15:12:01.912Z GET /api/payroll/rules
[AUDIT] 2026-08-08T15:12:01.920Z GET /api/payroll/statutory
[TENANT] Request for: Rainbow Childrens Hospitals - Professional Ltd | Schema: apollo_hospitals | Header ID: 0edcbcd2-d8b8-4e30-a602-5ea13c1fd459
[TENANT] Request for: Rainbow Childrens Hospitals - Professional Ltd | Schema: apollo_hospitals | Header ID: 0edcbcd2-d8b8-4e30-a602-5ea13c1fd459
[TENANT] Request for: Rainbow Childrens Hospitals - Professional Ltd | Schema: apollo_hospitals | Header ID: 0edcbcd2-d8b8-4e30-a602-5ea13c1fd459
[AUDIT] 2026-08-08T15:12:02.114Z GET /api/payroll/runs
[AUDIT] 2026-08-08T15:12:02.128Z GET /api/payroll/statutory
[AUDIT] 2026-08-08T15:12:02.135Z GET /api/payroll/rules
[TENANT] Request for: Rainbow Childrens Hospitals - Professional Ltd | Schema: apollo_hospitals | Header ID: 0edcbcd2-d8b8-4e30-a602-5ea13c1fd459
[TENANT] Request for: Rainbow Childrens Hospitals - Professional Ltd | Schema: apollo_hospitals | Header ID: 0edcbcd2-d8b8-4e30-a602-5ea13c1fd459
[TENANT] Request for: Rainbow Childrens Hospitals - Professional Ltd | Schema: apollo_hospitals | Header ID: 0edcbcd2-d8b8-4e30-a602-5ea13c1fd459
[AUDIT] 2026-08-08T15:12:08.887Z GET /api/nexus/tenants/public
[NEXUS] Checking Registry Schema...
[NEXUS] Registry contains 6 tenants.
[NEXUS] Registry Schema is synchronized.
[AUDIT] 2026-08-08T15:12:09.795Z GET /api/nexus/tenants/public
[NEXUS] Checking Registry Schema...
[NEXUS] Registry contains 6 tenants.
[NEXUS] Registry Schema is synchronized.
[AUDIT] 2026-08-08T15:12:11.134Z POST /api/auth/login
[AUTH] Login attempt for admin@hims-sys.com as tenant in 0edcbcd2-d8b8-4e30-a602-5ea13c1fd459
[AUTH_DEBUG] User role from users table: "admin", schema: "apollo_hospitals"
[AUTH_DEBUG] Found role in rbac_roles: "ADMIN" (ID: 7e4f9722-9094-4635-9be4-825704762cc8)
[AUTH_DEBUG] Plan: professional, allowed tiers: [basic, standard, professional]
[AUTH_DEBUG] Authorized menus count: 30 for roleId: 7e4f9722-9094-4635-9be4-825704762cc8
[AUDIT] 2026-08-08T15:12:12.416Z GET /api/hospital/metrics/stats
[AUDIT] 2026-08-08T15:12:12.420Z GET /api/hospital/encounters?status=Active&todayOnly=true
[TENANT] Request for: Rainbow Childrens Hospitals - Professional Ltd | Schema: apollo_hospitals | Header ID: 0edcbcd2-d8b8-4e30-a602-5ea13c1fd459
[TENANT] Request for: Rainbow Childrens Hospitals - Professional Ltd | Schema: apollo_hospitals | Header ID: 0edcbcd2-d8b8-4e30-a602-5ea13c1fd459
[AUDIT] 2026-08-08T15:12:13.099Z GET /api/hospital/encounters?status=Active&todayOnly=true
[TENANT] Request for: Rainbow Childrens Hospitals - Professional Ltd | Schema: apollo_hospitals | Header ID: 0edcbcd2-d8b8-4e30-a602-5ea13c1fd459
[AUDIT] 2026-08-08T15:12:13.752Z GET /api/hospital/metrics/stats
[TENANT] Request for: Rainbow Childrens Hospitals - Professional Ltd | Schema: apollo_hospitals | Header ID: 0edcbcd2-d8b8-4e30-a602-5ea13c1fd459
[AUDIT] 2026-08-08T15:12:55.883Z GET /api/nexus/tenants/public
[NEXUS] Checking Registry Schema...
[NEXUS] Registry contains 6 tenants.
[NEXUS] Registry Schema is synchronized.
[AUDIT] 2026-08-08T15:12:57.216Z GET /api/nexus/tenants/public
[NEXUS] Checking Registry Schema...
[NEXUS] Registry contains 6 tenants.
[NEXUS] Registry Schema is synchronized.
[AUDIT] 2026-08-08T15:12:58.752Z POST /api/auth/login
[AUTH] Login attempt for admin@hims-sys.com as tenant in 0edcbcd2-d8b8-4e30-a602-5ea13c1fd459
[AUTH_DEBUG] User role from users table: "admin", schema: "apollo_hospitals"
[AUTH_DEBUG] Found role in rbac_roles: "ADMIN" (ID: 7e4f9722-9094-4635-9be4-825704762cc8)
[AUTH_DEBUG] Plan: professional, allowed tiers: [basic, standard, professional]
[AUTH_DEBUG] Authorized menus count: 30 for roleId: 7e4f9722-9094-4635-9be4-825704762cc8
[AUDIT] 2026-08-08T15:13:00.423Z GET /api/hospital/metrics/stats
[AUDIT] 2026-08-08T15:13:00.428Z GET /api/hospital/encounters?status=Active&todayOnly=true
[TENANT] Request for: Rainbow Childrens Hospitals - Professional Ltd | Schema: apollo_hospitals | Header ID: 0edcbcd2-d8b8-4e30-a602-5ea13c1fd459
[TENANT] Request for: Rainbow Childrens Hospitals - Professional Ltd | Schema: apollo_hospitals | Header ID: 0edcbcd2-d8b8-4e30-a602-5ea13c1fd459
[AUDIT] 2026-08-08T15:13:01.126Z GET /api/hospital/encounters?status=Active&todayOnly=true
[TENANT] Request for: Rainbow Childrens Hospitals - Professional Ltd | Schema: apollo_hospitals | Header ID: 0edcbcd2-d8b8-4e30-a602-5ea13c1fd459
[AUDIT] 2026-08-08T15:13:01.749Z GET /api/hospital/metrics/stats
[TENANT] Request for: Rainbow Childrens Hospitals - Professional Ltd | Schema: apollo_hospitals | Header ID: 0edcbcd2-d8b8-4e30-a602-5ea13c1fd459
[AUDIT] 2026-08-08T15:13:15.440Z GET /api/hospital/encounters?status=Active&todayOnly=true
[TENANT] Request for: Rainbow Childrens Hospitals - Professional Ltd | Schema: apollo_hospitals | Header ID: 0edcbcd2-d8b8-4e30-a602-5ea13c1fd459
[AUDIT] 2026-08-08T15:13:30.451Z GET /api/hospital/encounters?status=Active&todayOnly=true
[TENANT] Request for: Rainbow Childrens Hospitals - Professional Ltd | Schema: apollo_hospitals | Header ID: 0edcbcd2-d8b8-4e30-a602-5ea13c1fd459
[AUDIT] 2026-08-08T15:13:45.468Z GET /api/hospital/encounters?status=Active&todayOnly=true
[TENANT] Request for: Rainbow Childrens Hospitals - Professional Ltd | Schema: apollo_hospitals | Header ID: 0edcbcd2-d8b8-4e30-a602-5ea13c1fd459
[AUDIT] 2026-08-08T15:14:00.456Z GET /api/hospital/encounters?status=Active&todayOnly=true
[TENANT] Request for: Rainbow Childrens Hospitals - Professional Ltd | Schema: apollo_hospitals | Header ID: 0edcbcd2-d8b8-4e30-a602-5ea13c1fd459
[AUDIT] 2026-08-08T15:14:15.465Z GET /api/hospital/encounters?status=Active&todayOnly=true
[TENANT] Request for: Rainbow Childrens Hospitals - Professional Ltd | Schema: apollo_hospitals | Header ID: 0edcbcd2-d8b8-4e30-a602-5ea13c1fd459
[AUDIT] 2026-08-08T15:14:30.447Z GET /api/hospital/encounters?status=Active&todayOnly=true
[TENANT] Request for: Rainbow Childrens Hospitals - Professional Ltd | Schema: apollo_hospitals | Header ID: 0edcbcd2-d8b8-4e30-a602-5ea13c1fd459
[AUDIT] 2026-08-08T15:14:55.129Z POST /api/auth/login
[AUTH] Login attempt for admin@hims-sys.com as nexus in domain-auto
[AUTH] Master credential bypass triggered for Nexus
[AUDIT] 2026-08-08T15:15:15.454Z GET /api/hospital/encounters?status=Active&todayOnly=true
[TENANT] Request for: Rainbow Childrens Hospitals - Professional Ltd | Schema: apollo_hospitals | Header ID: 0edcbcd2-d8b8-4e30-a602-5ea13c1fd459
[AUDIT] 2026-08-08T15:16:15.464Z GET /api/hospital/encounters?status=Active&todayOnly=true
[TENANT] Request for: Rainbow Childrens Hospitals - Professional Ltd | Schema: apollo_hospitals | Header ID: 0edcbcd2-d8b8-4e30-a602-5ea13c1fd459
[AUDIT] 2026-08-08T15:17:15.468Z GET /api/hospital/encounters?status=Active&todayOnly=true
[TENANT] Request for: Rainbow Childrens Hospitals - Professional Ltd | Schema: apollo_hospitals | Header ID: 0edcbcd2-d8b8-4e30-a602-5ea13c1fd459
[AUDIT] 2026-08-08T15:17:34.525Z POST /api/auth/login
[AUTH] Login attempt for admin@hims-sys.com as nexus in domain-auto
[AUTH] Master credential bypass triggered for Nexus
[AUDIT] 2026-08-08T15:18:15.470Z GET /api/hospital/encounters?status=Active&todayOnly=true
[TENANT] Request for: Rainbow Childrens Hospitals - Professional Ltd | Schema: apollo_hospitals | Header ID: 0edcbcd2-d8b8-4e30-a602-5ea13c1fd459
[AUDIT] 2026-08-08T15:19:15.462Z GET /api/hospital/encounters?status=Active&todayOnly=true
[TENANT] Request for: Rainbow Childrens Hospitals - Professional Ltd | Schema: apollo_hospitals | Header ID: 0edcbcd2-d8b8-4e30-a602-5ea13c1fd459
[AUDIT] 2026-08-08T15:20:15.460Z GET /api/hospital/encounters?status=Active&todayOnly=true
[TENANT] Request for: Rainbow Childrens Hospitals - Professional Ltd | Schema: apollo_hospitals | Header ID: 0edcbcd2-d8b8-4e30-a602-5ea13c1fd459
[AUDIT] 2026-08-08T15:21:15.467Z GET /api/hospital/encounters?status=Active&todayOnly=true
[TENANT] Request for: Rainbow Childrens Hospitals - Professional Ltd | Schema: apollo_hospitals | Header ID: 0edcbcd2-d8b8-4e30-a602-5ea13c1fd459
[AUDIT] 2026-08-08T15:22:15.474Z GET /api/hospital/encounters?status=Active&todayOnly=true
[TENANT] Request for: Rainbow Childrens Hospitals - Professional Ltd | Schema: apollo_hospitals | Header ID: 0edcbcd2-d8b8-4e30-a602-5ea13c1fd459
[AUDIT] 2026-08-08T15:23:15.452Z GET /api/hospital/encounters?status=Active&todayOnly=true
[TENANT] Request for: Rainbow Childrens Hospitals - Professional Ltd | Schema: apollo_hospitals | Header ID: 0edcbcd2-d8b8-4e30-a602-5ea13c1fd459
[AUDIT] 2026-08-08T15:23:30.445Z GET /api/hospital/encounters?status=Active&todayOnly=true
[TENANT] Request for: Rainbow Childrens Hospitals - Professional Ltd | Schema: apollo_hospitals | Header ID: 0edcbcd2-d8b8-4e30-a602-5ea13c1fd459
[AUDIT] 2026-08-08T15:23:39.687Z GET /api/hospital/metrics/stats
[AUDIT] 2026-08-08T15:23:39.696Z GET /api/hospital/encounters?status=Active&todayOnly=true
[TENANT] Request for: Rainbow Childrens Hospitals - Professional Ltd | Schema: apollo_hospitals | Header ID: 0edcbcd2-d8b8-4e30-a602-5ea13c1fd459
[TENANT] Request for: Rainbow Childrens Hospitals - Professional Ltd | Schema: apollo_hospitals | Header ID: 0edcbcd2-d8b8-4e30-a602-5ea13c1fd459
[AUDIT] 2026-08-08T15:23:40.437Z GET /api/hospital/encounters?status=Active&todayOnly=true
[TENANT] Request for: Rainbow Childrens Hospitals - Professional Ltd | Schema: apollo_hospitals | Header ID: 0edcbcd2-d8b8-4e30-a602-5ea13c1fd459
[AUDIT] 2026-08-08T15:23:41.142Z GET /api/hospital/metrics/stats
[TENANT] Request for: Rainbow Childrens Hospitals - Professional Ltd | Schema: apollo_hospitals | Header ID: 0edcbcd2-d8b8-4e30-a602-5ea13c1fd459
[AUDIT] 2026-08-08T15:23:54.765Z GET /api/hospital/encounters?status=Active&todayOnly=true
[TENANT] Request for: Rainbow Childrens Hospitals - Professional Ltd | Schema: apollo_hospitals | Header ID: 0edcbcd2-d8b8-4e30-a602-5ea13c1fd459
[AUDIT] 2026-08-08T15:24:00.781Z GET /api/nexus/tenants/public
[NEXUS] Checking Registry Schema...
[NEXUS] Registry contains 6 tenants.
[NEXUS] Registry Schema is synchronized.
[AUDIT] 2026-08-08T15:24:01.781Z GET /api/nexus/tenants/public
[NEXUS] Checking Registry Schema...
[NEXUS] Registry contains 6 tenants.
[NEXUS] Registry Schema is synchronized.
[AUDIT] 2026-08-08T15:24:09.898Z POST /api/auth/login
[AUTH] Login attempt for admin@hims-sys.com as tenant in 0edcbcd2-d8b8-4e30-a602-5ea13c1fd459
[AUTH_DEBUG] User role from users table: "admin", schema: "apollo_hospitals"
[AUTH_DEBUG] Found role in rbac_roles: "ADMIN" (ID: 7e4f9722-9094-4635-9be4-825704762cc8)
[AUTH_DEBUG] Plan: professional, allowed tiers: [basic, standard, professional]
[AUTH_DEBUG] Authorized menus count: 37 for roleId: 7e4f9722-9094-4635-9be4-825704762cc8
[AUDIT] 2026-08-08T15:24:11.657Z GET /api/hospital/metrics/stats
[AUDIT] 2026-08-08T15:24:11.662Z GET /api/hospital/encounters?status=Active&todayOnly=true
[TENANT] Request for: Rainbow Childrens Hospitals - Professional Ltd | Schema: apollo_hospitals | Header ID: 0edcbcd2-d8b8-4e30-a602-5ea13c1fd459
[TENANT] Request for: Rainbow Childrens Hospitals - Professional Ltd | Schema: apollo_hospitals | Header ID: 0edcbcd2-d8b8-4e30-a602-5ea13c1fd459
[AUDIT] 2026-08-08T15:24:12.336Z GET /api/hospital/encounters?status=Active&todayOnly=true
[TENANT] Request for: Rainbow Childrens Hospitals - Professional Ltd | Schema: apollo_hospitals | Header ID: 0edcbcd2-d8b8-4e30-a602-5ea13c1fd459
[AUDIT] 2026-08-08T15:24:12.992Z GET /api/hospital/metrics/stats
[TENANT] Request for: Rainbow Childrens Hospitals - Professional Ltd | Schema: apollo_hospitals | Header ID: 0edcbcd2-d8b8-4e30-a602-5ea13c1fd459
[AUDIT] 2026-08-08T15:24:20.924Z GET /api/hrms/staff
[AUDIT] 2026-08-08T15:24:20.935Z GET /api/hrms/shifts
[AUDIT] 2026-08-08T15:24:20.942Z GET /api/hrms/swaps
[AUDIT] 2026-08-08T15:24:20.947Z GET /api/hrms/credentials
[TENANT] Request for: Rainbow Childrens Hospitals - Professional Ltd | Schema: apollo_hospitals | Header ID: 0edcbcd2-d8b8-4e30-a602-5ea13c1fd459
[AUDIT] 2026-08-08T15:24:20.982Z GET /api/hrms/privileges
[TENANT] Request for: Rainbow Childrens Hospitals - Professional Ltd | Schema: apollo_hospitals | Header ID: 0edcbcd2-d8b8-4e30-a602-5ea13c1fd459
[TENANT] Request for: Rainbow Childrens Hospitals - Professional Ltd | Schema: apollo_hospitals | Header ID: 0edcbcd2-d8b8-4e30-a602-5ea13c1fd459
[AUDIT] 2026-08-08T15:24:20.992Z GET /api/hrms/analytics
[TENANT] Request for: Rainbow Childrens Hospitals - Professional Ltd | Schema: apollo_hospitals | Header ID: 0edcbcd2-d8b8-4e30-a602-5ea13c1fd459
[TENANT] Request for: Rainbow Childrens Hospitals - Professional Ltd | Schema: apollo_hospitals | Header ID: 0edcbcd2-d8b8-4e30-a602-5ea13c1fd459
[TENANT] Request for: Rainbow Childrens Hospitals - Professional Ltd | Schema: apollo_hospitals | Header ID: 0edcbcd2-d8b8-4e30-a602-5ea13c1fd459
[AUDIT] 2026-08-08T15:24:21.232Z GET /api/hrms/roster?date=2026-08-08
[AUDIT] 2026-08-08T15:24:21.243Z GET /api/hrms/attendance?date=2026-08-08
[AUDIT] 2026-08-08T15:24:21.266Z GET /api/hrms/oncall?date=2026-08-08
[AUDIT] 2026-08-08T15:24:21.295Z GET /api/hrms/staff
[AUDIT] 2026-08-08T15:24:21.307Z GET /api/hrms/shifts
[TENANT] Request for: Rainbow Childrens Hospitals - Professional Ltd | Schema: apollo_hospitals | Header ID: 0edcbcd2-d8b8-4e30-a602-5ea13c1fd459
[TENANT] Request for: Rainbow Childrens Hospitals - Professional Ltd | Schema: apollo_hospitals | Header ID: 0edcbcd2-d8b8-4e30-a602-5ea13c1fd459
[TENANT] Request for: Rainbow Childrens Hospitals - Professional Ltd | Schema: apollo_hospitals | Header ID: 0edcbcd2-d8b8-4e30-a602-5ea13c1fd459
[AUDIT] 2026-08-08T15:24:21.406Z GET /api/hrms/swaps
[TENANT] Request for: Rainbow Childrens Hospitals - Professional Ltd | Schema: apollo_hospitals | Header ID: 0edcbcd2-d8b8-4e30-a602-5ea13c1fd459
[TENANT] Request for: Rainbow Childrens Hospitals - Professional Ltd | Schema: apollo_hospitals | Header ID: 0edcbcd2-d8b8-4e30-a602-5ea13c1fd459
[TENANT] Request for: Rainbow Childrens Hospitals - Professional Ltd | Schema: apollo_hospitals | Header ID: 0edcbcd2-d8b8-4e30-a602-5ea13c1fd459
[AUDIT] 2026-08-08T15:24:21.645Z GET /api/hrms/credentials
[AUDIT] 2026-08-08T15:24:21.653Z GET /api/hrms/privileges
[AUDIT] 2026-08-08T15:24:21.662Z GET /api/hrms/analytics
[AUDIT] 2026-08-08T15:24:21.705Z GET /api/hrms/roster?date=2026-08-08
[AUDIT] 2026-08-08T15:24:21.709Z GET /api/hrms/attendance?date=2026-08-08
[TENANT] Request for: Rainbow Childrens Hospitals - Professional Ltd | Schema: apollo_hospitals | Header ID: 0edcbcd2-d8b8-4e30-a602-5ea13c1fd459
[TENANT] Request for: Rainbow Childrens Hospitals - Professional Ltd | Schema: apollo_hospitals | Header ID: 0edcbcd2-d8b8-4e30-a602-5ea13c1fd459
[TENANT] Request for: Rainbow Childrens Hospitals - Professional Ltd | Schema: apollo_hospitals | Header ID: 0edcbcd2-d8b8-4e30-a602-5ea13c1fd459
[TENANT] Request for: Rainbow Childrens Hospitals - Professional Ltd | Schema: apollo_hospitals | Header ID: 0edcbcd2-d8b8-4e30-a602-5ea13c1fd459
[TENANT] Request for: Rainbow Childrens Hospitals - Professional Ltd | Schema: apollo_hospitals | Header ID: 0edcbcd2-d8b8-4e30-a602-5ea13c1fd459
[AUDIT] 2026-08-08T15:24:21.807Z GET /api/hrms/oncall?date=2026-08-08
[TENANT] Request for: Rainbow Childrens Hospitals - Professional Ltd | Schema: apollo_hospitals | Header ID: 0edcbcd2-d8b8-4e30-a602-5ea13c1fd459
[AUDIT] 2026-08-08T15:24:23.623Z GET /api/payroll/runs
[AUDIT] 2026-08-08T15:24:23.628Z GET /api/payroll/rules
[AUDIT] 2026-08-08T15:24:23.633Z GET /api/payroll/statutory
[TENANT] Request for: Rainbow Childrens Hospitals - Professional Ltd | Schema: apollo_hospitals | Header ID: 0edcbcd2-d8b8-4e30-a602-5ea13c1fd459
[TENANT] Request for: Rainbow Childrens Hospitals - Professional Ltd | Schema: apollo_hospitals | Header ID: 0edcbcd2-d8b8-4e30-a602-5ea13c1fd459
[TENANT] Request for: Rainbow Childrens Hospitals - Professional Ltd | Schema: apollo_hospitals | Header ID: 0edcbcd2-d8b8-4e30-a602-5ea13c1fd459
[AUDIT] 2026-08-08T15:24:23.808Z GET /api/payroll/rules
[AUDIT] 2026-08-08T15:24:23.814Z GET /api/payroll/statutory
[AUDIT] 2026-08-08T15:24:23.824Z GET /api/payroll/runs
[TENANT] Request for: Rainbow Childrens Hospitals - Professional Ltd | Schema: apollo_hospitals | Header ID: 0edcbcd2-d8b8-4e30-a602-5ea13c1fd459
[TENANT] Request for: Rainbow Childrens Hospitals - Professional Ltd | Schema: apollo_hospitals | Header ID: 0edcbcd2-d8b8-4e30-a602-5ea13c1fd459
[TENANT] Request for: Rainbow Childrens Hospitals - Professional Ltd | Schema: apollo_hospitals | Header ID: 0edcbcd2-d8b8-4e30-a602-5ea13c1fd459
[AUDIT] 2026-08-08T15:24:31.321Z GET /api/nexus/tenants/public
[NEXUS] Checking Registry Schema...
[NEXUS] Registry contains 6 tenants.
[NEXUS] Registry Schema is synchronized.
[AUDIT] 2026-08-08T15:24:32.423Z GET /api/nexus/tenants/public
[NEXUS] Checking Registry Schema...
[NEXUS] Registry contains 6 tenants.
[NEXUS] Registry Schema is synchronized.
[AUDIT] 2026-08-08T15:26:27.925Z POST /api/auth/login
[AUTH] Login attempt for admin@hims-sys.com as tenant in 0edcbcd2-d8b8-4e30-a602-5ea13c1fd459
[AUTH_DEBUG] User role from users table: "admin", schema: "apollo_hospitals"
[AUTH_DEBUG] Found role in rbac_roles: "ADMIN" (ID: 7e4f9722-9094-4635-9be4-825704762cc8)
[AUTH_DEBUG] Plan: professional, allowed tiers: [basic, standard, professional]
[AUTH_DEBUG] Authorized menus count: 37 for roleId: 7e4f9722-9094-4635-9be4-825704762cc8
[AUDIT] 2026-08-08T15:26:29.905Z GET /api/hospital/metrics/stats
[AUDIT] 2026-08-08T15:26:29.910Z GET /api/hospital/encounters?status=Active&todayOnly=true
[TENANT] Request for: Rainbow Childrens Hospitals - Professional Ltd | Schema: apollo_hospitals | Header ID: 0edcbcd2-d8b8-4e30-a602-5ea13c1fd459
[TENANT] Request for: Rainbow Childrens Hospitals - Professional Ltd | Schema: apollo_hospitals | Header ID: 0edcbcd2-d8b8-4e30-a602-5ea13c1fd459
[AUDIT] 2026-08-08T15:26:30.618Z GET /api/hospital/encounters?status=Active&todayOnly=true
[TENANT] Request for: Rainbow Childrens Hospitals - Professional Ltd | Schema: apollo_hospitals | Header ID: 0edcbcd2-d8b8-4e30-a602-5ea13c1fd459
[AUDIT] 2026-08-08T15:26:31.362Z GET /api/hospital/metrics/stats
[TENANT] Request for: Rainbow Childrens Hospitals - Professional Ltd | Schema: apollo_hospitals | Header ID: 0edcbcd2-d8b8-4e30-a602-5ea13c1fd459
[AUDIT] 2026-08-08T15:27:19.307Z GET /api/hospital/staff?search=
[AUDIT] 2026-08-08T15:27:19.316Z GET /api/hospital/staff/vendors
[AUDIT] 2026-08-08T15:27:19.324Z GET /api/hospital/masters/departments
[AUDIT] 2026-08-08T15:27:19.337Z GET /api/hospital/masters/specialities
[TENANT] Request for: Rainbow Childrens Hospitals - Professional Ltd | Schema: apollo_hospitals | Header ID: 0edcbcd2-d8b8-4e30-a602-5ea13c1fd459
[TENANT] Request for: Rainbow Childrens Hospitals - Professional Ltd | Schema: apollo_hospitals | Header ID: 0edcbcd2-d8b8-4e30-a602-5ea13c1fd459
[TENANT] Request for: Rainbow Childrens Hospitals - Professional Ltd | Schema: apollo_hospitals | Header ID: 0edcbcd2-d8b8-4e30-a602-5ea13c1fd459
[TENANT] Request for: Rainbow Childrens Hospitals - Professional Ltd | Schema: apollo_hospitals | Header ID: 0edcbcd2-d8b8-4e30-a602-5ea13c1fd459
[AUDIT] 2026-08-08T15:27:20.224Z GET /api/hospital/masters/departments
[AUDIT] 2026-08-08T15:27:20.246Z GET /api/hospital/staff/vendors
[AUDIT] 2026-08-08T15:27:20.263Z GET /api/hospital/staff?search=
[TENANT] Request for: Rainbow Childrens Hospitals - Professional Ltd | Schema: apollo_hospitals | Header ID: 0edcbcd2-d8b8-4e30-a602-5ea13c1fd459
[AUDIT] 2026-08-08T15:27:20.292Z GET /api/hospital/masters/specialities
[TENANT] Request for: Rainbow Childrens Hospitals - Professional Ltd | Schema: apollo_hospitals | Header ID: 0edcbcd2-d8b8-4e30-a602-5ea13c1fd459
[TENANT] Request for: Rainbow Childrens Hospitals - Professional Ltd | Schema: apollo_hospitals | Header ID: 0edcbcd2-d8b8-4e30-a602-5ea13c1fd459
[TENANT] Request for: Rainbow Childrens Hospitals - Professional Ltd | Schema: apollo_hospitals | Header ID: 0edcbcd2-d8b8-4e30-a602-5ea13c1fd459
[AUDIT] 2026-08-08T15:27:26.580Z GET /api/hospital/communications
[TENANT] Request for: Rainbow Childrens Hospitals - Professional Ltd | Schema: apollo_hospitals | Header ID: 0edcbcd2-d8b8-4e30-a602-5ea13c1fd459
[AUDIT] 2026-08-08T15:27:26.783Z GET /api/hospital/communications
[TENANT] Request for: Rainbow Childrens Hospitals - Professional Ltd | Schema: apollo_hospitals | Header ID: 0edcbcd2-d8b8-4e30-a602-5ea13c1fd459
[AUDIT] 2026-08-08T15:27:28.606Z GET /api/hospital/mail-logs
[TENANT] Request for: Rainbow Childrens Hospitals - Professional Ltd | Schema: apollo_hospitals | Header ID: 0edcbcd2-d8b8-4e30-a602-5ea13c1fd459
[AUDIT] 2026-08-08T15:27:28.797Z GET /api/hospital/mail-logs
[TENANT] Request for: Rainbow Childrens Hospitals - Professional Ltd | Schema: apollo_hospitals | Header ID: 0edcbcd2-d8b8-4e30-a602-5ea13c1fd459
[AUDIT] 2026-08-08T15:27:32.263Z GET /api/hospital/communications
[TENANT] Request for: Rainbow Childrens Hospitals - Professional Ltd | Schema: apollo_hospitals | Header ID: 0edcbcd2-d8b8-4e30-a602-5ea13c1fd459
[AUDIT] 2026-08-08T15:27:32.812Z GET /api/hospital/communications
[TENANT] Request for: Rainbow Childrens Hospitals - Professional Ltd | Schema: apollo_hospitals | Header ID: 0edcbcd2-d8b8-4e30-a602-5ea13c1fd459
[AUDIT] 2026-08-08T15:27:34.560Z GET /api/hospital/mail-logs
[TENANT] Request for: Rainbow Childrens Hospitals - Professional Ltd | Schema: apollo_hospitals | Header ID: 0edcbcd2-d8b8-4e30-a602-5ea13c1fd459
[AUDIT] 2026-08-08T15:27:34.754Z GET /api/hospital/mail-logs
[TENANT] Request for: Rainbow Childrens Hospitals - Professional Ltd | Schema: apollo_hospitals | Header ID: 0edcbcd2-d8b8-4e30-a602-5ea13c1fd459
[AUDIT] 2026-08-08T15:27:37.422Z GET /api/nexus/tickets?tenantId=0edcbcd2-d8b8-4e30-a602-5ea13c1fd459
[NEXUS] Checking Registry Schema...
[NEXUS] Registry contains 6 tenants.
[NEXUS] Registry Schema is synchronized.
[AUDIT] 2026-08-08T15:27:38.599Z GET /api/nexus/tickets?tenantId=0edcbcd2-d8b8-4e30-a602-5ea13c1fd459
[NEXUS] Checking Registry Schema...
[NEXUS] Registry contains 6 tenants.
[NEXUS] Registry Schema is synchronized.
[AUDIT] 2026-08-08T15:27:44.667Z GET /api/hospital/configs
[AUDIT] 2026-08-08T15:27:44.685Z GET /api/hospital/configs
[AUDIT] 2026-08-08T15:27:47.294Z GET /api/nexus/tickets?tenantId=0edcbcd2-d8b8-4e30-a602-5ea13c1fd459
[NEXUS] Checking Registry Schema...
[NEXUS] Registry contains 6 tenants.
[NEXUS] Registry Schema is synchronized.
[AUDIT] 2026-08-08T15:27:48.100Z GET /api/nexus/tickets?tenantId=0edcbcd2-d8b8-4e30-a602-5ea13c1fd459
[NEXUS] Checking Registry Schema...
[NEXUS] Registry contains 6 tenants.
[NEXUS] Registry Schema is synchronized.
[AUDIT] 2026-08-08T15:27:49.518Z GET /api/hospital/mail-logs
[TENANT] Request for: Rainbow Childrens Hospitals - Professional Ltd | Schema: apollo_hospitals | Header ID: 0edcbcd2-d8b8-4e30-a602-5ea13c1fd459
[AUDIT] 2026-08-08T15:27:49.708Z GET /api/hospital/mail-logs
[TENANT] Request for: Rainbow Childrens Hospitals - Professional Ltd | Schema: apollo_hospitals | Header ID: 0edcbcd2-d8b8-4e30-a602-5ea13c1fd459
[AUDIT] 2026-08-08T15:27:51.903Z GET /api/hospital/communications
[TENANT] Request for: Rainbow Childrens Hospitals - Professional Ltd | Schema: apollo_hospitals | Header ID: 0edcbcd2-d8b8-4e30-a602-5ea13c1fd459
[AUDIT] 2026-08-08T15:27:52.096Z GET /api/hospital/communications
[TENANT] Request for: Rainbow Childrens Hospitals - Professional Ltd | Schema: apollo_hospitals | Header ID: 0edcbcd2-d8b8-4e30-a602-5ea13c1fd459
[AUDIT] 2026-08-08T15:27:54.620Z GET /api/hospital/masters/departments
[AUDIT] 2026-08-08T15:27:54.627Z GET /api/hospital/masters/diseases
[AUDIT] 2026-08-08T15:27:54.641Z GET /api/hospital/masters/treatments
[AUDIT] 2026-08-08T15:27:54.652Z GET /api/hospital/masters/services
[AUDIT] 2026-08-08T15:27:54.662Z GET /api/hospital/masters/medicines
[AUDIT] 2026-08-08T15:27:54.667Z GET /api/hospital/masters/diagnostics
[TENANT] Request for: Rainbow Childrens Hospitals - Professional Ltd | Schema: apollo_hospitals | Header ID: 0edcbcd2-d8b8-4e30-a602-5ea13c1fd459
[TENANT] Request for: Rainbow Childrens Hospitals - Professional Ltd | Schema: apollo_hospitals | Header ID: 0edcbcd2-d8b8-4e30-a602-5ea13c1fd459
[TENANT] Request for: Rainbow Childrens Hospitals - Professional Ltd | Schema: apollo_hospitals | Header ID: 0edcbcd2-d8b8-4e30-a602-5ea13c1fd459
[TENANT] Request for: Rainbow Childrens Hospitals - Professional Ltd | Schema: apollo_hospitals | Header ID: 0edcbcd2-d8b8-4e30-a602-5ea13c1fd459
[TENANT] Request for: Rainbow Childrens Hospitals - Professional Ltd | Schema: apollo_hospitals | Header ID: 0edcbcd2-d8b8-4e30-a602-5ea13c1fd459
[TENANT] Request for: Rainbow Childrens Hospitals - Professional Ltd | Schema: apollo_hospitals | Header ID: 0edcbcd2-d8b8-4e30-a602-5ea13c1fd459
[AUDIT] 2026-08-08T15:27:55.148Z GET /api/hospital/masters/modes
[TENANT] Request for: Rainbow Childrens Hospitals - Professional Ltd | Schema: apollo_hospitals | Header ID: 0edcbcd2-d8b8-4e30-a602-5ea13c1fd459
[AUDIT] 2026-08-08T15:27:55.672Z GET /api/hospital/masters/specialities
[AUDIT] 2026-08-08T15:27:55.739Z GET /api/hospital/masters/departments
[TENANT] Request for: Rainbow Childrens Hospitals - Professional Ltd | Schema: apollo_hospitals | Header ID: 0edcbcd2-d8b8-4e30-a602-5ea13c1fd459
[AUDIT] 2026-08-08T15:27:55.806Z GET /api/hospital/masters/wards
[TENANT] Request for: Rainbow Childrens Hospitals - Professional Ltd | Schema: apollo_hospitals | Header ID: 0edcbcd2-d8b8-4e30-a602-5ea13c1fd459
[AUDIT] 2026-08-08T15:27:55.833Z GET /api/hospital/masters/services
[TENANT] Request for: Rainbow Childrens Hospitals - Professional Ltd | Schema: apollo_hospitals | Header ID: 0edcbcd2-d8b8-4e30-a602-5ea13c1fd459
[TENANT] Request for: Rainbow Childrens Hospitals - Professional Ltd | Schema: apollo_hospitals | Header ID: 0edcbcd2-d8b8-4e30-a602-5ea13c1fd459
[AUDIT] 2026-08-08T15:27:56.186Z GET /api/hospital/masters/diagnostics
[AUDIT] 2026-08-08T15:27:56.227Z GET /api/hospital/masters/diseases
[AUDIT] 2026-08-08T15:27:56.272Z GET /api/hospital/masters/treatments
[TENANT] Request for: Rainbow Childrens Hospitals - Professional Ltd | Schema: apollo_hospitals | Header ID: 0edcbcd2-d8b8-4e30-a602-5ea13c1fd459
[TENANT] Request for: Rainbow Childrens Hospitals - Professional Ltd | Schema: apollo_hospitals | Header ID: 0edcbcd2-d8b8-4e30-a602-5ea13c1fd459
[TENANT] Request for: Rainbow Childrens Hospitals - Professional Ltd | Schema: apollo_hospitals | Header ID: 0edcbcd2-d8b8-4e30-a602-5ea13c1fd459
[AUDIT] 2026-08-08T15:27:56.359Z GET /api/hospital/masters/specialities
[TENANT] Request for: Rainbow Childrens Hospitals - Professional Ltd | Schema: apollo_hospitals | Header ID: 0edcbcd2-d8b8-4e30-a602-5ea13c1fd459
[AUDIT] 2026-08-08T15:27:56.573Z GET /api/hospital/masters/modes
[TENANT] Request for: Rainbow Childrens Hospitals - Professional Ltd | Schema: apollo_hospitals | Header ID: 0edcbcd2-d8b8-4e30-a602-5ea13c1fd459
[AUDIT] 2026-08-08T15:27:56.673Z GET /api/hospital/masters/medicines
[TENANT] Request for: Rainbow Childrens Hospitals - Professional Ltd | Schema: apollo_hospitals | Header ID: 0edcbcd2-d8b8-4e30-a602-5ea13c1fd459
[AUDIT] 2026-08-08T15:27:56.769Z GET /api/hospital/masters/wards
[TENANT] Request for: Rainbow Childrens Hospitals - Professional Ltd | Schema: apollo_hospitals | Header ID: 0edcbcd2-d8b8-4e30-a602-5ea13c1fd459
[AUDIT] 2026-08-08T15:27:58.875Z GET /api/hospital/masters/departments
[AUDIT] 2026-08-08T15:27:58.880Z GET /api/hospital/masters/specialities
[AUDIT] 2026-08-08T15:27:58.886Z GET /api/hospital/staff?search=
[AUDIT] 2026-08-08T15:27:58.890Z GET /api/hospital/staff/vendors
[TENANT] Request for: Rainbow Childrens Hospitals - Professional Ltd | Schema: apollo_hospitals | Header ID: 0edcbcd2-d8b8-4e30-a602-5ea13c1fd459
[TENANT] Request for: Rainbow Childrens Hospitals - Professional Ltd | Schema: apollo_hospitals | Header ID: 0edcbcd2-d8b8-4e30-a602-5ea13c1fd459
[TENANT] Request for: Rainbow Childrens Hospitals - Professional Ltd | Schema: apollo_hospitals | Header ID: 0edcbcd2-d8b8-4e30-a602-5ea13c1fd459
[TENANT] Request for: Rainbow Childrens Hospitals - Professional Ltd | Schema: apollo_hospitals | Header ID: 0edcbcd2-d8b8-4e30-a602-5ea13c1fd459
[AUDIT] 2026-08-08T15:27:59.088Z GET /api/hospital/masters/departments
[AUDIT] 2026-08-08T15:27:59.133Z GET /api/hospital/staff?search=
[AUDIT] 2026-08-08T15:27:59.141Z GET /api/hospital/masters/specialities
[TENANT] Request for: Rainbow Childrens Hospitals - Professional Ltd | Schema: apollo_hospitals | Header ID: 0edcbcd2-d8b8-4e30-a602-5ea13c1fd459
[AUDIT] 2026-08-08T15:27:59.174Z GET /api/hospital/staff/vendors
[TENANT] Request for: Rainbow Childrens Hospitals - Professional Ltd | Schema: apollo_hospitals | Header ID: 0edcbcd2-d8b8-4e30-a602-5ea13c1fd459
[TENANT] Request for: Rainbow Childrens Hospitals - Professional Ltd | Schema: apollo_hospitals | Header ID: 0edcbcd2-d8b8-4e30-a602-5ea13c1fd459
[TENANT] Request for: Rainbow Childrens Hospitals - Professional Ltd | Schema: apollo_hospitals | Header ID: 0edcbcd2-d8b8-4e30-a602-5ea13c1fd459
[AUDIT] 2026-08-08T15:28:05.245Z GET /api/hospital/configs
[AUDIT] 2026-08-08T15:28:05.257Z GET /api/hospital/configs
[AUDIT] 2026-08-08T15:28:07.077Z GET /api/nexus/tickets?tenantId=0edcbcd2-d8b8-4e30-a602-5ea13c1fd459
[NEXUS] Checking Registry Schema...
[NEXUS] Registry contains 6 tenants.
[NEXUS] Registry Schema is synchronized.
[AUDIT] 2026-08-08T15:28:07.869Z GET /api/nexus/tickets?tenantId=0edcbcd2-d8b8-4e30-a602-5ea13c1fd459
[NEXUS] Checking Registry Schema...
[NEXUS] Registry contains 6 tenants.
[NEXUS] Registry Schema is synchronized.
[AUDIT] 2026-08-08T15:28:09.227Z GET /api/hospital/mail-logs
[TENANT] Request for: Rainbow Childrens Hospitals - Professional Ltd | Schema: apollo_hospitals | Header ID: 0edcbcd2-d8b8-4e30-a602-5ea13c1fd459
[AUDIT] 2026-08-08T15:28:09.423Z GET /api/hospital/mail-logs
[TENANT] Request for: Rainbow Childrens Hospitals - Professional Ltd | Schema: apollo_hospitals | Header ID: 0edcbcd2-d8b8-4e30-a602-5ea13c1fd459
[AUDIT] 2026-08-08T15:28:14.731Z GET /api/hospital/masters/departments
[AUDIT] 2026-08-08T15:28:14.736Z GET /api/hospital/masters/diseases
[AUDIT] 2026-08-08T15:28:14.741Z GET /api/hospital/masters/treatments
[AUDIT] 2026-08-08T15:28:14.747Z GET /api/hospital/masters/services
[AUDIT] 2026-08-08T15:28:14.756Z GET /api/hospital/masters/medicines
[AUDIT] 2026-08-08T15:28:14.760Z GET /api/hospital/masters/diagnostics
[TENANT] Request for: Rainbow Childrens Hospitals - Professional Ltd | Schema: apollo_hospitals | Header ID: 0edcbcd2-d8b8-4e30-a602-5ea13c1fd459
[TENANT] Request for: Rainbow Childrens Hospitals - Professional Ltd | Schema: apollo_hospitals | Header ID: 0edcbcd2-d8b8-4e30-a602-5ea13c1fd459
[TENANT] Request for: Rainbow Childrens Hospitals - Professional Ltd | Schema: apollo_hospitals | Header ID: 0edcbcd2-d8b8-4e30-a602-5ea13c1fd459
[TENANT] Request for: Rainbow Childrens Hospitals - Professional Ltd | Schema: apollo_hospitals | Header ID: 0edcbcd2-d8b8-4e30-a602-5ea13c1fd459
[TENANT] Request for: Rainbow Childrens Hospitals - Professional Ltd | Schema: apollo_hospitals | Header ID: 0edcbcd2-d8b8-4e30-a602-5ea13c1fd459
[TENANT] Request for: Rainbow Childrens Hospitals - Professional Ltd | Schema: apollo_hospitals | Header ID: 0edcbcd2-d8b8-4e30-a602-5ea13c1fd459
[AUDIT] 2026-08-08T15:28:15.224Z GET /api/hospital/masters/specialities
[AUDIT] 2026-08-08T15:28:15.234Z GET /api/hospital/masters/modes
[AUDIT] 2026-08-08T15:28:15.254Z GET /api/hospital/masters/departments
[AUDIT] 2026-08-08T15:28:15.263Z GET /api/hospital/masters/wards
[TENANT] Request for: Rainbow Childrens Hospitals - Professional Ltd | Schema: apollo_hospitals | Header ID: 0edcbcd2-d8b8-4e30-a602-5ea13c1fd459
[TENANT] Request for: Rainbow Childrens Hospitals - Professional Ltd | Schema: apollo_hospitals | Header ID: 0edcbcd2-d8b8-4e30-a602-5ea13c1fd459
[TENANT] Request for: Rainbow Childrens Hospitals - Professional Ltd | Schema: apollo_hospitals | Header ID: 0edcbcd2-d8b8-4e30-a602-5ea13c1fd459
[TENANT] Request for: Rainbow Childrens Hospitals - Professional Ltd | Schema: apollo_hospitals | Header ID: 0edcbcd2-d8b8-4e30-a602-5ea13c1fd459
[AUDIT] 2026-08-08T15:28:15.361Z GET /api/hospital/masters/services
[AUDIT] 2026-08-08T15:28:15.381Z GET /api/hospital/masters/medicines
[TENANT] Request for: Rainbow Childrens Hospitals - Professional Ltd | Schema: apollo_hospitals | Header ID: 0edcbcd2-d8b8-4e30-a602-5ea13c1fd459
[TENANT] Request for: Rainbow Childrens Hospitals - Professional Ltd | Schema: apollo_hospitals | Header ID: 0edcbcd2-d8b8-4e30-a602-5ea13c1fd459
[AUDIT] 2026-08-08T15:28:15.559Z GET /api/hospital/masters/diagnostics
[AUDIT] 2026-08-08T15:28:15.572Z GET /api/hospital/masters/diseases
[AUDIT] 2026-08-08T15:28:15.608Z GET /api/hospital/masters/treatments
[AUDIT] 2026-08-08T15:28:15.646Z GET /api/hospital/masters/specialities
[TENANT] Request for: Rainbow Childrens Hospitals - Professional Ltd | Schema: apollo_hospitals | Header ID: 0edcbcd2-d8b8-4e30-a602-5ea13c1fd459
[TENANT] Request for: Rainbow Childrens Hospitals - Professional Ltd | Schema: apollo_hospitals | Header ID: 0edcbcd2-d8b8-4e30-a602-5ea13c1fd459
[TENANT] Request for: Rainbow Childrens Hospitals - Professional Ltd | Schema: apollo_hospitals | Header ID: 0edcbcd2-d8b8-4e30-a602-5ea13c1fd459
[TENANT] Request for: Rainbow Childrens Hospitals - Professional Ltd | Schema: apollo_hospitals | Header ID: 0edcbcd2-d8b8-4e30-a602-5ea13c1fd459
[AUDIT] 2026-08-08T15:28:15.726Z GET /api/hospital/masters/modes
[AUDIT] 2026-08-08T15:28:15.774Z GET /api/hospital/masters/wards
[TENANT] Request for: Rainbow Childrens Hospitals - Professional Ltd | Schema: apollo_hospitals | Header ID: 0edcbcd2-d8b8-4e30-a602-5ea13c1fd459
[TENANT] Request for: Rainbow Childrens Hospitals - Professional Ltd | Schema: apollo_hospitals | Header ID: 0edcbcd2-d8b8-4e30-a602-5ea13c1fd459
[AUDIT] 2026-08-08T15:29:05.857Z GET /api/hrms/staff
[AUDIT] 2026-08-08T15:29:05.869Z GET /api/hrms/shifts
[AUDIT] 2026-08-08T15:29:05.874Z GET /api/hrms/swaps
[AUDIT] 2026-08-08T15:29:05.880Z GET /api/hrms/credentials
[AUDIT] 2026-08-08T15:29:05.884Z GET /api/hrms/privileges
[AUDIT] 2026-08-08T15:29:05.889Z GET /api/hrms/analytics
[TENANT] Request for: Rainbow Childrens Hospitals - Professional Ltd | Schema: apollo_hospitals | Header ID: 0edcbcd2-d8b8-4e30-a602-5ea13c1fd459
[TENANT] Request for: Rainbow Childrens Hospitals - Professional Ltd | Schema: apollo_hospitals | Header ID: 0edcbcd2-d8b8-4e30-a602-5ea13c1fd459
[TENANT] Request for: Rainbow Childrens Hospitals - Professional Ltd | Schema: apollo_hospitals | Header ID: 0edcbcd2-d8b8-4e30-a602-5ea13c1fd459
[TENANT] Request for: Rainbow Childrens Hospitals - Professional Ltd | Schema: apollo_hospitals | Header ID: 0edcbcd2-d8b8-4e30-a602-5ea13c1fd459
[TENANT] Request for: Rainbow Childrens Hospitals - Professional Ltd | Schema: apollo_hospitals | Header ID: 0edcbcd2-d8b8-4e30-a602-5ea13c1fd459
[TENANT] Request for: Rainbow Childrens Hospitals - Professional Ltd | Schema: apollo_hospitals | Header ID: 0edcbcd2-d8b8-4e30-a602-5ea13c1fd459
[AUDIT] 2026-08-08T15:29:06.511Z GET /api/hrms/roster?date=2026-08-08
[AUDIT] 2026-08-08T15:29:06.518Z GET /api/hrms/attendance?date=2026-08-08
[AUDIT] 2026-08-08T15:29:06.525Z GET /api/hrms/oncall?date=2026-08-08
[AUDIT] 2026-08-08T15:29:06.552Z GET /api/hrms/staff
[AUDIT] 2026-08-08T15:29:06.562Z GET /api/hrms/shifts
[AUDIT] 2026-08-08T15:29:06.613Z GET /api/hrms/swaps
[TENANT] Request for: Rainbow Childrens Hospitals - Professional Ltd | Schema: apollo_hospitals | Header ID: 0edcbcd2-d8b8-4e30-a602-5ea13c1fd459
[TENANT] Request for: Rainbow Childrens Hospitals - Professional Ltd | Schema: apollo_hospitals | Header ID: 0edcbcd2-d8b8-4e30-a602-5ea13c1fd459
[TENANT] Request for: Rainbow Childrens Hospitals - Professional Ltd | Schema: apollo_hospitals | Header ID: 0edcbcd2-d8b8-4e30-a602-5ea13c1fd459
[TENANT] Request for: Rainbow Childrens Hospitals - Professional Ltd | Schema: apollo_hospitals | Header ID: 0edcbcd2-d8b8-4e30-a602-5ea13c1fd459
[TENANT] Request for: Rainbow Childrens Hospitals - Professional Ltd | Schema: apollo_hospitals | Header ID: 0edcbcd2-d8b8-4e30-a602-5ea13c1fd459
[TENANT] Request for: Rainbow Childrens Hospitals - Professional Ltd | Schema: apollo_hospitals | Header ID: 0edcbcd2-d8b8-4e30-a602-5ea13c1fd459
[AUDIT] 2026-08-08T15:29:06.888Z GET /api/hrms/credentials
[AUDIT] 2026-08-08T15:29:06.908Z GET /api/hrms/privileges
[AUDIT] 2026-08-08T15:29:06.923Z GET /api/hrms/analytics
[AUDIT] 2026-08-08T15:29:06.935Z GET /api/hrms/roster?date=2026-08-08
[AUDIT] 2026-08-08T15:29:06.951Z GET /api/hrms/attendance?date=2026-08-08
[AUDIT] 2026-08-08T15:29:06.967Z GET /api/hrms/oncall?date=2026-08-08
[TENANT] Request for: Rainbow Childrens Hospitals - Professional Ltd | Schema: apollo_hospitals | Header ID: 0edcbcd2-d8b8-4e30-a602-5ea13c1fd459
[TENANT] Request for: Rainbow Childrens Hospitals - Professional Ltd | Schema: apollo_hospitals | Header ID: 0edcbcd2-d8b8-4e30-a602-5ea13c1fd459
[TENANT] Request for: Rainbow Childrens Hospitals - Professional Ltd | Schema: apollo_hospitals | Header ID: 0edcbcd2-d8b8-4e30-a602-5ea13c1fd459
[TENANT] Request for: Rainbow Childrens Hospitals - Professional Ltd | Schema: apollo_hospitals | Header ID: 0edcbcd2-d8b8-4e30-a602-5ea13c1fd459
[TENANT] Request for: Rainbow Childrens Hospitals - Professional Ltd | Schema: apollo_hospitals | Header ID: 0edcbcd2-d8b8-4e30-a602-5ea13c1fd459
[TENANT] Request for: Rainbow Childrens Hospitals - Professional Ltd | Schema: apollo_hospitals | Header ID: 0edcbcd2-d8b8-4e30-a602-5ea13c1fd459
[AUDIT] 2026-08-08T15:29:08.013Z GET /api/payroll/runs
[AUDIT] 2026-08-08T15:29:08.018Z GET /api/payroll/rules
[AUDIT] 2026-08-08T15:29:08.021Z GET /api/payroll/statutory
[TENANT] Request for: Rainbow Childrens Hospitals - Professional Ltd | Schema: apollo_hospitals | Header ID: 0edcbcd2-d8b8-4e30-a602-5ea13c1fd459
[TENANT] Request for: Rainbow Childrens Hospitals - Professional Ltd | Schema: apollo_hospitals | Header ID: 0edcbcd2-d8b8-4e30-a602-5ea13c1fd459
[TENANT] Request for: Rainbow Childrens Hospitals - Professional Ltd | Schema: apollo_hospitals | Header ID: 0edcbcd2-d8b8-4e30-a602-5ea13c1fd459
[AUDIT] 2026-08-08T15:29:08.205Z GET /api/payroll/runs
[AUDIT] 2026-08-08T15:29:08.215Z GET /api/payroll/rules
[AUDIT] 2026-08-08T15:29:08.221Z GET /api/payroll/statutory
[TENANT] Request for: Rainbow Childrens Hospitals - Professional Ltd | Schema: apollo_hospitals | Header ID: 0edcbcd2-d8b8-4e30-a602-5ea13c1fd459
[TENANT] Request for: Rainbow Childrens Hospitals - Professional Ltd | Schema: apollo_hospitals | Header ID: 0edcbcd2-d8b8-4e30-a602-5ea13c1fd459
[TENANT] Request for: Rainbow Childrens Hospitals - Professional Ltd | Schema: apollo_hospitals | Header ID: 0edcbcd2-d8b8-4e30-a602-5ea13c1fd459
[AUDIT] 2026-08-08T15:29:15.788Z GET /api/nexus/tenants/public
[NEXUS] Checking Registry Schema...
[NEXUS] Registry contains 6 tenants.
[NEXUS] Registry Schema is synchronized.
[AUDIT] 2026-08-08T15:29:16.585Z GET /api/nexus/tenants/public
[NEXUS] Checking Registry Schema...
[NEXUS] Registry contains 6 tenants.
[NEXUS] Registry Schema is synchronized.
[AUDIT] 2026-08-08T15:29:18.256Z POST /api/auth/login
[AUTH] Login attempt for admin@hims-sys.com as tenant in 0edcbcd2-d8b8-4e30-a602-5ea13c1fd459
[AUTH_DEBUG] User role from users table: "admin", schema: "apollo_hospitals"
[AUTH_DEBUG] Found role in rbac_roles: "ADMIN" (ID: 7e4f9722-9094-4635-9be4-825704762cc8)
[AUTH_DEBUG] Plan: professional, allowed tiers: [basic, standard, professional]
[AUTH_DEBUG] Authorized menus count: 37 for roleId: 7e4f9722-9094-4635-9be4-825704762cc8
[AUDIT] 2026-08-08T15:29:19.864Z GET /api/hospital/metrics/stats
[AUDIT] 2026-08-08T15:29:19.868Z GET /api/hospital/encounters?status=Active&todayOnly=true
[TENANT] Request for: Rainbow Childrens Hospitals - Professional Ltd | Schema: apollo_hospitals | Header ID: 0edcbcd2-d8b8-4e30-a602-5ea13c1fd459
[TENANT] Request for: Rainbow Childrens Hospitals - Professional Ltd | Schema: apollo_hospitals | Header ID: 0edcbcd2-d8b8-4e30-a602-5ea13c1fd459
[AUDIT] 2026-08-08T15:29:20.552Z GET /api/hospital/encounters?status=Active&todayOnly=true
[TENANT] Request for: Rainbow Childrens Hospitals - Professional Ltd | Schema: apollo_hospitals | Header ID: 0edcbcd2-d8b8-4e30-a602-5ea13c1fd459
[AUDIT] 2026-08-08T15:29:21.257Z GET /api/hospital/metrics/stats
[TENANT] Request for: Rainbow Childrens Hospitals - Professional Ltd | Schema: apollo_hospitals | Header ID: 0edcbcd2-d8b8-4e30-a602-5ea13c1fd459
[AUDIT] 2026-08-08T15:29:34.893Z GET /api/hospital/encounters?status=Active&todayOnly=true
[TENANT] Request for: Rainbow Childrens Hospitals - Professional Ltd | Schema: apollo_hospitals | Header ID: 0edcbcd2-d8b8-4e30-a602-5ea13c1fd459
[AUDIT] 2026-08-08T16:09:43.235Z GET /api/nexus/tenants/public
[NEXUS] Checking Registry Schema...
[NEXUS] Registry contains 6 tenants.
[NEXUS] Registry Schema is synchronized.
[AUDIT] 2026-08-08T16:09:44.297Z GET /api/nexus/tenants/public
[NEXUS] Checking Registry Schema...
[NEXUS] Registry contains 6 tenants.
[NEXUS] Registry Schema is synchronized.
[AUDIT] 2026-08-08T16:09:49.197Z POST /api/auth/login
[AUTH] Login attempt for admin@hims-sys.com as tenant in 0edcbcd2-d8b8-4e30-a602-5ea13c1fd459
[AUTH_DEBUG] User role from users table: "admin", schema: "apollo_hospitals"
[AUTH_DEBUG] Found role in rbac_roles: "ADMIN" (ID: 7e4f9722-9094-4635-9be4-825704762cc8)
[AUTH_DEBUG] Plan: professional, allowed tiers: [basic, standard, professional]
[AUTH_DEBUG] Authorized menus count: 37 for roleId: 7e4f9722-9094-4635-9be4-825704762cc8
[AUDIT] 2026-08-08T16:09:50.763Z GET /api/hospital/metrics/stats
[AUDIT] 2026-08-08T16:09:50.766Z GET /api/hospital/encounters?status=Active&todayOnly=true
[TENANT] Request for: Rainbow Childrens Hospitals - Professional Ltd | Schema: apollo_hospitals | Header ID: 0edcbcd2-d8b8-4e30-a602-5ea13c1fd459
[TENANT] Request for: Rainbow Childrens Hospitals - Professional Ltd | Schema: apollo_hospitals | Header ID: 0edcbcd2-d8b8-4e30-a602-5ea13c1fd459
[AUDIT] 2026-08-08T16:09:51.445Z GET /api/hospital/encounters?status=Active&todayOnly=true
[TENANT] Request for: Rainbow Childrens Hospitals - Professional Ltd | Schema: apollo_hospitals | Header ID: 0edcbcd2-d8b8-4e30-a602-5ea13c1fd459
[AUDIT] 2026-08-08T16:09:52.163Z GET /api/hospital/metrics/stats
[TENANT] Request for: Rainbow Childrens Hospitals - Professional Ltd | Schema: apollo_hospitals | Header ID: 0edcbcd2-d8b8-4e30-a602-5ea13c1fd459
[AUDIT] 2026-08-08T16:10:05.850Z GET /api/hospital/encounters?status=Active&todayOnly=true
[TENANT] Request for: Rainbow Childrens Hospitals - Professional Ltd | Schema: apollo_hospitals | Header ID: 0edcbcd2-d8b8-4e30-a602-5ea13c1fd459
[AUDIT] 2026-08-08T16:10:20.850Z GET /api/hospital/encounters?status=Active&todayOnly=true
[TENANT] Request for: Rainbow Childrens Hospitals - Professional Ltd | Schema: apollo_hospitals | Header ID: 0edcbcd2-d8b8-4e30-a602-5ea13c1fd459
[AUDIT] 2026-08-08T16:10:33.686Z GET /api/crm/patients/duplicates
[AUDIT] 2026-08-08T16:10:33.698Z GET /api/crm/identifiers
[AUDIT] 2026-08-08T16:10:33.701Z GET /api/crm/groups
[AUDIT] 2026-08-08T16:10:33.706Z GET /api/crm/consents
[AUDIT] 2026-08-08T16:10:33.709Z GET /api/crm/referrals
[AUDIT] 2026-08-08T16:10:33.718Z GET /api/crm/corporate
[TENANT] Request for: Rainbow Childrens Hospitals - Professional Ltd | Schema: apollo_hospitals | Header ID: 0edcbcd2-d8b8-4e30-a602-5ea13c1fd459
[TENANT] Request for: Rainbow Childrens Hospitals - Professional Ltd | Schema: apollo_hospitals | Header ID: 0edcbcd2-d8b8-4e30-a602-5ea13c1fd459
[TENANT] Request for: Rainbow Childrens Hospitals - Professional Ltd | Schema: apollo_hospitals | Header ID: 0edcbcd2-d8b8-4e30-a602-5ea13c1fd459
[TENANT] Request for: Rainbow Childrens Hospitals - Professional Ltd | Schema: apollo_hospitals | Header ID: 0edcbcd2-d8b8-4e30-a602-5ea13c1fd459
[TENANT] Request for: Rainbow Childrens Hospitals - Professional Ltd | Schema: apollo_hospitals | Header ID: 0edcbcd2-d8b8-4e30-a602-5ea13c1fd459
[TENANT] Request for: Rainbow Childrens Hospitals - Professional Ltd | Schema: apollo_hospitals | Header ID: 0edcbcd2-d8b8-4e30-a602-5ea13c1fd459
[AUDIT] 2026-08-08T16:10:34.282Z GET /api/crm/identifiers
[AUDIT] 2026-08-08T16:10:34.285Z GET /api/crm/groups
[AUDIT] 2026-08-08T16:10:34.295Z GET /api/crm/patients/duplicates
[AUDIT] 2026-08-08T16:10:34.322Z GET /api/crm/consents
[AUDIT] 2026-08-08T16:10:34.329Z GET /api/crm/referrals
[AUDIT] 2026-08-08T16:10:34.336Z GET /api/crm/corporate
[TENANT] Request for: Rainbow Childrens Hospitals - Professional Ltd | Schema: apollo_hospitals | Header ID: 0edcbcd2-d8b8-4e30-a602-5ea13c1fd459
[TENANT] Request for: Rainbow Childrens Hospitals - Professional Ltd | Schema: apollo_hospitals | Header ID: 0edcbcd2-d8b8-4e30-a602-5ea13c1fd459
[TENANT] Request for: Rainbow Childrens Hospitals - Professional Ltd | Schema: apollo_hospitals | Header ID: 0edcbcd2-d8b8-4e30-a602-5ea13c1fd459
[TENANT] Request for: Rainbow Childrens Hospitals - Professional Ltd | Schema: apollo_hospitals | Header ID: 0edcbcd2-d8b8-4e30-a602-5ea13c1fd459
[TENANT] Request for: Rainbow Childrens Hospitals - Professional Ltd | Schema: apollo_hospitals | Header ID: 0edcbcd2-d8b8-4e30-a602-5ea13c1fd459
[TENANT] Request for: Rainbow Childrens Hospitals - Professional Ltd | Schema: apollo_hospitals | Header ID: 0edcbcd2-d8b8-4e30-a602-5ea13c1fd459
[AUDIT] 2026-08-08T16:10:42.840Z GET /api/finance/packages
[AUDIT] 2026-08-08T16:10:42.850Z GET /api/finance/surgery/cases
[AUDIT] 2026-08-08T16:10:42.855Z GET /api/finance/advances
[AUDIT] 2026-08-08T16:10:42.860Z GET /api/finance/refunds
[AUDIT] 2026-08-08T16:10:42.865Z GET /api/finance/writeoffs
[AUDIT] 2026-08-08T16:10:42.874Z GET /api/finance/doctor-share-report
[TENANT] Request for: Rainbow Childrens Hospitals - Professional Ltd | Schema: apollo_hospitals | Header ID: 0edcbcd2-d8b8-4e30-a602-5ea13c1fd459
[TENANT] Request for: Rainbow Childrens Hospitals - Professional Ltd | Schema: apollo_hospitals | Header ID: 0edcbcd2-d8b8-4e30-a602-5ea13c1fd459
[TENANT] Request for: Rainbow Childrens Hospitals - Professional Ltd | Schema: apollo_hospitals | Header ID: 0edcbcd2-d8b8-4e30-a602-5ea13c1fd459
[TENANT] Request for: Rainbow Childrens Hospitals - Professional Ltd | Schema: apollo_hospitals | Header ID: 0edcbcd2-d8b8-4e30-a602-5ea13c1fd459
[TENANT] Request for: Rainbow Childrens Hospitals - Professional Ltd | Schema: apollo_hospitals | Header ID: 0edcbcd2-d8b8-4e30-a602-5ea13c1fd459
[TENANT] Request for: Rainbow Childrens Hospitals - Professional Ltd | Schema: apollo_hospitals | Header ID: 0edcbcd2-d8b8-4e30-a602-5ea13c1fd459
[AUDIT] 2026-08-08T16:10:43.136Z GET /api/finance/packages
[AUDIT] 2026-08-08T16:10:43.146Z GET /api/finance/surgery/cases
[AUDIT] 2026-08-08T16:10:43.157Z GET /api/finance/advances
[AUDIT] 2026-08-08T16:10:43.175Z GET /api/finance/refunds
[AUDIT] 2026-08-08T16:10:43.186Z GET /api/finance/writeoffs
[AUDIT] 2026-08-08T16:10:43.211Z GET /api/finance/doctor-share-report
[TENANT] Request for: Rainbow Childrens Hospitals - Professional Ltd | Schema: apollo_hospitals | Header ID: 0edcbcd2-d8b8-4e30-a602-5ea13c1fd459
[TENANT] Request for: Rainbow Childrens Hospitals - Professional Ltd | Schema: apollo_hospitals | Header ID: 0edcbcd2-d8b8-4e30-a602-5ea13c1fd459
[TENANT] Request for: Rainbow Childrens Hospitals - Professional Ltd | Schema: apollo_hospitals | Header ID: 0edcbcd2-d8b8-4e30-a602-5ea13c1fd459
[TENANT] Request for: Rainbow Childrens Hospitals - Professional Ltd | Schema: apollo_hospitals | Header ID: 0edcbcd2-d8b8-4e30-a602-5ea13c1fd459
[TENANT] Request for: Rainbow Childrens Hospitals - Professional Ltd | Schema: apollo_hospitals | Header ID: 0edcbcd2-d8b8-4e30-a602-5ea13c1fd459
[TENANT] Request for: Rainbow Childrens Hospitals - Professional Ltd | Schema: apollo_hospitals | Header ID: 0edcbcd2-d8b8-4e30-a602-5ea13c1fd459
[AUDIT] 2026-08-08T16:10:51.233Z GET /api/inventory/dashboard
[AUDIT] 2026-08-08T16:10:51.241Z GET /api/inventory/indents
[AUDIT] 2026-08-08T16:10:51.246Z GET /api/inventory/issues
[AUDIT] 2026-08-08T16:10:51.250Z GET /api/inventory/narcotics
[AUDIT] 2026-08-08T16:10:51.254Z GET /api/inventory/reorder/config
[AUDIT] 2026-08-08T16:10:51.259Z GET /api/inventory/analytics/expiry
[TENANT] Request for: Rainbow Childrens Hospitals - Professional Ltd | Schema: apollo_hospitals | Header ID: 0edcbcd2-d8b8-4e30-a602-5ea13c1fd459
[TENANT] Request for: Rainbow Childrens Hospitals - Professional Ltd | Schema: apollo_hospitals | Header ID: 0edcbcd2-d8b8-4e30-a602-5ea13c1fd459
[TENANT] Request for: Rainbow Childrens Hospitals - Professional Ltd | Schema: apollo_hospitals | Header ID: 0edcbcd2-d8b8-4e30-a602-5ea13c1fd459
[TENANT] Request for: Rainbow Childrens Hospitals - Professional Ltd | Schema: apollo_hospitals | Header ID: 0edcbcd2-d8b8-4e30-a602-5ea13c1fd459
[TENANT] Request for: Rainbow Childrens Hospitals - Professional Ltd | Schema: apollo_hospitals | Header ID: 0edcbcd2-d8b8-4e30-a602-5ea13c1fd459
[TENANT] Request for: Rainbow Childrens Hospitals - Professional Ltd | Schema: apollo_hospitals | Header ID: 0edcbcd2-d8b8-4e30-a602-5ea13c1fd459
[AUDIT] 2026-08-08T16:10:51.603Z GET /api/inventory/analytics/consumption
[AUDIT] 2026-08-08T16:10:51.662Z GET /api/inventory/indents
[AUDIT] 2026-08-08T16:10:51.675Z GET /api/inventory/narcotics
[AUDIT] 2026-08-08T16:10:51.707Z GET /api/inventory/issues
[TENANT] Request for: Rainbow Childrens Hospitals - Professional Ltd | Schema: apollo_hospitals | Header ID: 0edcbcd2-d8b8-4e30-a602-5ea13c1fd459
[TENANT] Request for: Rainbow Childrens Hospitals - Professional Ltd | Schema: apollo_hospitals | Header ID: 0edcbcd2-d8b8-4e30-a602-5ea13c1fd459
[AUDIT] 2026-08-08T16:10:51.740Z GET /api/inventory/dashboard
[TENANT] Request for: Rainbow Childrens Hospitals - Professional Ltd | Schema: apollo_hospitals | Header ID: 0edcbcd2-d8b8-4e30-a602-5ea13c1fd459
[TENANT] Request for: Rainbow Childrens Hospitals - Professional Ltd | Schema: apollo_hospitals | Header ID: 0edcbcd2-d8b8-4e30-a602-5ea13c1fd459
[AUDIT] 2026-08-08T16:10:51.782Z GET /api/inventory/reorder/config
[TENANT] Request for: Rainbow Childrens Hospitals - Professional Ltd | Schema: apollo_hospitals | Header ID: 0edcbcd2-d8b8-4e30-a602-5ea13c1fd459
[TENANT] Request for: Rainbow Childrens Hospitals - Professional Ltd | Schema: apollo_hospitals | Header ID: 0edcbcd2-d8b8-4e30-a602-5ea13c1fd459
[AUDIT] 2026-08-08T16:10:52.002Z GET /api/inventory/analytics/expiry
[AUDIT] 2026-08-08T16:10:52.016Z GET /api/inventory/analytics/consumption
[TENANT] Request for: Rainbow Childrens Hospitals - Professional Ltd | Schema: apollo_hospitals | Header ID: 0edcbcd2-d8b8-4e30-a602-5ea13c1fd459
[TENANT] Request for: Rainbow Childrens Hospitals - Professional Ltd | Schema: apollo_hospitals | Header ID: 0edcbcd2-d8b8-4e30-a602-5ea13c1fd459
[AUDIT] 2026-08-08T16:10:58.007Z GET /api/inventory/dashboard
[AUDIT] 2026-08-08T16:10:58.011Z GET /api/inventory/indents
[AUDIT] 2026-08-08T16:10:58.017Z GET /api/inventory/issues
[AUDIT] 2026-08-08T16:10:58.020Z GET /api/inventory/narcotics
[AUDIT] 2026-08-08T16:10:58.026Z GET /api/inventory/reorder/config
[TENANT] Request for: Rainbow Childrens Hospitals - Professional Ltd | Schema: apollo_hospitals | Header ID: 0edcbcd2-d8b8-4e30-a602-5ea13c1fd459
[TENANT] Request for: Rainbow Childrens Hospitals - Professional Ltd | Schema: apollo_hospitals | Header ID: 0edcbcd2-d8b8-4e30-a602-5ea13c1fd459
[TENANT] Request for: Rainbow Childrens Hospitals - Professional Ltd | Schema: apollo_hospitals | Header ID: 0edcbcd2-d8b8-4e30-a602-5ea13c1fd459
[TENANT] Request for: Rainbow Childrens Hospitals - Professional Ltd | Schema: apollo_hospitals | Header ID: 0edcbcd2-d8b8-4e30-a602-5ea13c1fd459
[TENANT] Request for: Rainbow Childrens Hospitals - Professional Ltd | Schema: apollo_hospitals | Header ID: 0edcbcd2-d8b8-4e30-a602-5ea13c1fd459
[AUDIT] 2026-08-08T16:11:01.562Z GET /api/inventory/dashboard
[AUDIT] 2026-08-08T16:11:01.568Z GET /api/inventory/indents
[AUDIT] 2026-08-08T16:11:01.572Z GET /api/inventory/issues
[AUDIT] 2026-08-08T16:11:01.576Z GET /api/inventory/narcotics
[AUDIT] 2026-08-08T16:11:01.578Z GET /api/inventory/reorder/config
[TENANT] Request for: Rainbow Childrens Hospitals - Professional Ltd | Schema: apollo_hospitals | Header ID: 0edcbcd2-d8b8-4e30-a602-5ea13c1fd459
[TENANT] Request for: Rainbow Childrens Hospitals - Professional Ltd | Schema: apollo_hospitals | Header ID: 0edcbcd2-d8b8-4e30-a602-5ea13c1fd459
[TENANT] Request for: Rainbow Childrens Hospitals - Professional Ltd | Schema: apollo_hospitals | Header ID: 0edcbcd2-d8b8-4e30-a602-5ea13c1fd459
[TENANT] Request for: Rainbow Childrens Hospitals - Professional Ltd | Schema: apollo_hospitals | Header ID: 0edcbcd2-d8b8-4e30-a602-5ea13c1fd459
[TENANT] Request for: Rainbow Childrens Hospitals - Professional Ltd | Schema: apollo_hospitals | Header ID: 0edcbcd2-d8b8-4e30-a602-5ea13c1fd459
[AUDIT] 2026-08-08T16:11:03.261Z GET /api/inventory/dashboard
[AUDIT] 2026-08-08T16:11:03.284Z GET /api/inventory/indents
[AUDIT] 2026-08-08T16:11:03.290Z GET /api/inventory/issues
[AUDIT] 2026-08-08T16:11:03.309Z GET /api/inventory/narcotics
[AUDIT] 2026-08-08T16:11:03.314Z GET /api/inventory/reorder/config
[TENANT] Request for: Rainbow Childrens Hospitals - Professional Ltd | Schema: apollo_hospitals | Header ID: 0edcbcd2-d8b8-4e30-a602-5ea13c1fd459
[TENANT] Request for: Rainbow Childrens Hospitals - Professional Ltd | Schema: apollo_hospitals | Header ID: 0edcbcd2-d8b8-4e30-a602-5ea13c1fd459
[TENANT] Request for: Rainbow Childrens Hospitals - Professional Ltd | Schema: apollo_hospitals | Header ID: 0edcbcd2-d8b8-4e30-a602-5ea13c1fd459
[TENANT] Request for: Rainbow Childrens Hospitals - Professional Ltd | Schema: apollo_hospitals | Header ID: 0edcbcd2-d8b8-4e30-a602-5ea13c1fd459
[TENANT] Request for: Rainbow Childrens Hospitals - Professional Ltd | Schema: apollo_hospitals | Header ID: 0edcbcd2-d8b8-4e30-a602-5ea13c1fd459
[AUDIT] 2026-08-08T16:11:04.861Z GET /api/inventory/dashboard
[AUDIT] 2026-08-08T16:11:04.865Z GET /api/inventory/indents
[AUDIT] 2026-08-08T16:11:04.868Z GET /api/inventory/issues
[AUDIT] 2026-08-08T16:11:04.872Z GET /api/inventory/narcotics
[AUDIT] 2026-08-08T16:11:04.876Z GET /api/inventory/reorder/config
[TENANT] Request for: Rainbow Childrens Hospitals - Professional Ltd | Schema: apollo_hospitals | Header ID: 0edcbcd2-d8b8-4e30-a602-5ea13c1fd459
[TENANT] Request for: Rainbow Childrens Hospitals - Professional Ltd | Schema: apollo_hospitals | Header ID: 0edcbcd2-d8b8-4e30-a602-5ea13c1fd459
[TENANT] Request for: Rainbow Childrens Hospitals - Professional Ltd | Schema: apollo_hospitals | Header ID: 0edcbcd2-d8b8-4e30-a602-5ea13c1fd459
[TENANT] Request for: Rainbow Childrens Hospitals - Professional Ltd | Schema: apollo_hospitals | Header ID: 0edcbcd2-d8b8-4e30-a602-5ea13c1fd459
[TENANT] Request for: Rainbow Childrens Hospitals - Professional Ltd | Schema: apollo_hospitals | Header ID: 0edcbcd2-d8b8-4e30-a602-5ea13c1fd459
[AUDIT] 2026-08-08T16:11:06.435Z GET /api/inventory/dashboard
[AUDIT] 2026-08-08T16:11:06.441Z GET /api/inventory/indents
[AUDIT] 2026-08-08T16:11:06.445Z GET /api/inventory/issues
[AUDIT] 2026-08-08T16:11:06.458Z GET /api/inventory/narcotics
[AUDIT] 2026-08-08T16:11:06.462Z GET /api/inventory/reorder/config
[AUDIT] 2026-08-08T16:11:06.467Z GET /api/inventory/analytics/expiry
[TENANT] Request for: Rainbow Childrens Hospitals - Professional Ltd | Schema: apollo_hospitals | Header ID: 0edcbcd2-d8b8-4e30-a602-5ea13c1fd459
[TENANT] Request for: Rainbow Childrens Hospitals - Professional Ltd | Schema: apollo_hospitals | Header ID: 0edcbcd2-d8b8-4e30-a602-5ea13c1fd459
[TENANT] Request for: Rainbow Childrens Hospitals - Professional Ltd | Schema: apollo_hospitals | Header ID: 0edcbcd2-d8b8-4e30-a602-5ea13c1fd459
[TENANT] Request for: Rainbow Childrens Hospitals - Professional Ltd | Schema: apollo_hospitals | Header ID: 0edcbcd2-d8b8-4e30-a602-5ea13c1fd459
[TENANT] Request for: Rainbow Childrens Hospitals - Professional Ltd | Schema: apollo_hospitals | Header ID: 0edcbcd2-d8b8-4e30-a602-5ea13c1fd459
[TENANT] Request for: Rainbow Childrens Hospitals - Professional Ltd | Schema: apollo_hospitals | Header ID: 0edcbcd2-d8b8-4e30-a602-5ea13c1fd459
[AUDIT] 2026-08-08T16:11:06.770Z GET /api/inventory/analytics/consumption
[TENANT] Request for: Rainbow Childrens Hospitals - Professional Ltd | Schema: apollo_hospitals | Header ID: 0edcbcd2-d8b8-4e30-a602-5ea13c1fd459
[AUDIT] 2026-08-08T16:11:12.789Z GET /api/procurement/rate-contracts
[AUDIT] 2026-08-08T16:11:12.798Z GET /api/procurement/requisitions
[AUDIT] 2026-08-08T16:11:12.803Z GET /api/procurement/purchase-orders
[AUDIT] 2026-08-08T16:11:12.806Z GET /api/procurement/grn
[AUDIT] 2026-08-08T16:11:12.810Z GET /api/procurement/matches
[TENANT] Request for: Rainbow Childrens Hospitals - Professional Ltd | Schema: apollo_hospitals | Header ID: 0edcbcd2-d8b8-4e30-a602-5ea13c1fd459
[TENANT] Request for: Rainbow Childrens Hospitals - Professional Ltd | Schema: apollo_hospitals | Header ID: 0edcbcd2-d8b8-4e30-a602-5ea13c1fd459
[TENANT] Request for: Rainbow Childrens Hospitals - Professional Ltd | Schema: apollo_hospitals | Header ID: 0edcbcd2-d8b8-4e30-a602-5ea13c1fd459
[TENANT] Request for: Rainbow Childrens Hospitals - Professional Ltd | Schema: apollo_hospitals | Header ID: 0edcbcd2-d8b8-4e30-a602-5ea13c1fd459
[TENANT] Request for: Rainbow Childrens Hospitals - Professional Ltd | Schema: apollo_hospitals | Header ID: 0edcbcd2-d8b8-4e30-a602-5ea13c1fd459
[AUDIT] 2026-08-08T16:11:13.051Z GET /api/procurement/rate-contracts
[AUDIT] 2026-08-08T16:11:13.075Z GET /api/procurement/requisitions
[AUDIT] 2026-08-08T16:11:13.083Z GET /api/procurement/purchase-orders
[AUDIT] 2026-08-08T16:11:13.100Z GET /api/procurement/grn
[TENANT] Request for: Rainbow Childrens Hospitals - Professional Ltd | Schema: apollo_hospitals | Header ID: 0edcbcd2-d8b8-4e30-a602-5ea13c1fd459
[AUDIT] 2026-08-08T16:11:13.115Z GET /api/procurement/matches
[TENANT] Request for: Rainbow Childrens Hospitals - Professional Ltd | Schema: apollo_hospitals | Header ID: 0edcbcd2-d8b8-4e30-a602-5ea13c1fd459
[TENANT] Request for: Rainbow Childrens Hospitals - Professional Ltd | Schema: apollo_hospitals | Header ID: 0edcbcd2-d8b8-4e30-a602-5ea13c1fd459
[TENANT] Request for: Rainbow Childrens Hospitals - Professional Ltd | Schema: apollo_hospitals | Header ID: 0edcbcd2-d8b8-4e30-a602-5ea13c1fd459
[TENANT] Request for: Rainbow Childrens Hospitals - Professional Ltd | Schema: apollo_hospitals | Header ID: 0edcbcd2-d8b8-4e30-a602-5ea13c1fd459
[AUDIT] 2026-08-08T16:11:36.957Z GET /api/nexus/tenants/public
[NEXUS] Checking Registry Schema...
[NEXUS] Registry contains 6 tenants.
[NEXUS] Registry Schema is synchronized.
[AUDIT] 2026-08-08T16:11:38.183Z GET /api/nexus/tenants/public
[NEXUS] Checking Registry Schema...
[NEXUS] Registry contains 6 tenants.
[NEXUS] Registry Schema is synchronized.
[AUDIT] 2026-08-08T16:11:40.898Z POST /api/auth/login
[AUTH] Login attempt for admin@hims-sys.com as nexus in 0edcbcd2-d8b8-4e30-a602-5ea13c1fd459
[AUTH] Master credential bypass triggered for Nexus
[AUDIT] 2026-08-08T16:11:41.154Z GET /api/nexus/tenants
[NEXUS] Checking Registry Schema...
[NEXUS] Registry contains 6 tenants.
[NEXUS] Registry Schema is synchronized.
[AUDIT] 2026-08-08T16:11:41.880Z GET /api/nexus/tenants
[NEXUS] Checking Registry Schema...
[NEXUS] Registry contains 6 tenants.
[NEXUS] Registry Schema is synchronized.
[AUDIT] 2026-08-08T16:11:48.126Z GET /api/nexus/tenants
[NEXUS] Checking Registry Schema...
[NEXUS] Registry contains 6 tenants.
[NEXUS] Registry Schema is synchronized.
[AUDIT] 2026-08-08T16:11:48.847Z GET /api/nexus/tenants
[NEXUS] Checking Registry Schema...
[NEXUS] Registry contains 6 tenants.
[NEXUS] Registry Schema is synchronized.
[AUDIT] 2026-08-08T16:11:53.366Z GET /api/nexus/tickets
[NEXUS] Checking Registry Schema...
[NEXUS] Registry contains 6 tenants.
[NEXUS] Registry Schema is synchronized.
[AUDIT] 2026-08-08T16:11:54.091Z GET /api/nexus/tickets
[NEXUS] Checking Registry Schema...
[NEXUS] Registry contains 6 tenants.
[NEXUS] Registry Schema is synchronized.
[AUDIT] 2026-08-08T16:11:56.291Z GET /api/nexus/communications
[NEXUS] Checking Registry Schema...
[AUDIT] 2026-08-08T16:11:56.296Z GET /api/nexus/tenants/public
[NEXUS] Checking Registry Schema...
[NEXUS] Registry contains 6 tenants.
[NEXUS] Registry Schema is synchronized.
[AUDIT] 2026-08-08T16:11:56.954Z GET /api/nexus/communications
[NEXUS] Checking Registry Schema...
[NEXUS] Registry contains 6 tenants.
[NEXUS] Registry Schema is synchronized.
[AUDIT] 2026-08-08T16:11:57.306Z GET /api/nexus/tenants/public
[NEXUS] Checking Registry Schema...
[NEXUS] Registry contains 6 tenants.
[NEXUS] Registry Schema is synchronized.
[NEXUS] Registry contains 6 tenants.
[NEXUS] Registry Schema is synchronized.
[AUDIT] 2026-08-08T16:11:58.884Z GET /api/nexus/utilization
[NEXUS] Checking Registry Schema...
[NEXUS] Registry contains 6 tenants.
[NEXUS] Registry Schema is synchronized.
[AUDIT] 2026-08-08T16:12:00.382Z GET /api/nexus/utilization
[NEXUS] Checking Registry Schema...
[NEXUS] Registry contains 6 tenants.
[NEXUS] Registry Schema is synchronized.
[AUDIT] 2026-08-08T16:12:32.047Z GET /api/nexus/tenants
[NEXUS] Checking Registry Schema...
[NEXUS] Registry contains 6 tenants.
[NEXUS] Registry Schema is synchronized.
[AUDIT] 2026-08-08T16:12:33.109Z GET /api/nexus/tenants
[NEXUS] Checking Registry Schema...
[NEXUS] Registry contains 6 tenants.
[NEXUS] Registry Schema is synchronized.
[AUDIT] 2026-08-08T16:12:41.908Z GET /api/nexus/tickets
[NEXUS] Checking Registry Schema...
[NEXUS] Registry contains 6 tenants.
[NEXUS] Registry Schema is synchronized.
[AUDIT] 2026-08-08T16:12:42.672Z GET /api/nexus/tickets
[NEXUS] Checking Registry Schema...
[NEXUS] Registry contains 6 tenants.
[NEXUS] Registry Schema is synchronized.
[AUDIT] 2026-08-08T16:12:43.556Z GET /api/nexus/communications
[NEXUS] Checking Registry Schema...
[AUDIT] 2026-08-08T16:12:43.569Z GET /api/nexus/tenants/public
[NEXUS] Checking Registry Schema...
[NEXUS] Registry contains 6 tenants.
[NEXUS] Registry Schema is synchronized.
[AUDIT] 2026-08-08T16:12:44.261Z GET /api/nexus/communications
[NEXUS] Checking Registry Schema...
[NEXUS] Registry contains 6 tenants.
[NEXUS] Registry Schema is synchronized.
[AUDIT] 2026-08-08T16:12:44.606Z GET /api/nexus/tenants/public
[NEXUS] Checking Registry Schema...
[NEXUS] Registry contains 6 tenants.
[NEXUS] Registry Schema is synchronized.
[NEXUS] Registry contains 6 tenants.
[NEXUS] Registry Schema is synchronized.
[AUDIT] 2026-08-08T16:12:50.646Z GET /api/nexus/utilization
[NEXUS] Checking Registry Schema...
[NEXUS] Registry contains 6 tenants.
[NEXUS] Registry Schema is synchronized.
[AUDIT] 2026-08-08T16:12:51.929Z GET /api/nexus/utilization
[NEXUS] Checking Registry Schema...
[NEXUS] Registry contains 6 tenants.
[NEXUS] Registry Schema is synchronized.
